Running Gradle task 'assembleDebug'...                          
flutter : Warning: Flutter 
support for your project's 
Kotlin version (1.9.22) will 
soon be dropped. Please 
upgrade your Kotlin version 
to a version of at least 
2.1.0 soon.
En línea: 1 Carácter: 1
+ flutter build apk --debug 
> build_output.txt 2>&1
+ ~~~~~~~~~~~~~~~~~~~~~~~~~~~
~~~~~~~~~~~~~~~~~~~~~~
    + CategoryInfo           
   : NotSpecified: (Warning  
  : Flutte...ast 2.1.0 soo   
 n.:String) [], RemoteExc    
eption
    + FullyQualifiedErrorId  
   : NativeCommandError
 
Alternatively, use the flag "
--android-skip-build-dependen
cy-validation" to bypass 
this check.

Potential fix: Your 
project's KGP version is 
typically defined in the 
plugins block of the 
`settings.gradle` file (D:\Lu
cila\Documentos\GitHub\PulseC
oach\android/settings.gradle)
, by a plugin with the id of 
org.jetbrains.kotlin.android.
 
If you don't see a plugins 
block, your project was 
likely created with an older 
template version, in which 
case it is most likely 
defined in the top-level 
build.gradle file (D:\Lucila\
Documentos\GitHub\PulseCoach\
android/build.gradle) by the 
ext.kotlin_version property.

e: Daemon compilation 
failed: null
java.lang.Exception
	at org.jetbrains.kotlin.daem
on.common.CompileService$Call
Result$Error.get(CompileServi
ce.kt:69)
	at org.jetbrains.kotlin.daem
on.common.CompileService$Call
Result$Error.get(CompileServi
ce.kt:65)
	at org.jetbrains.kotlin.comp
ilerRunner.GradleKotlinCompil
erWork.compileWithDaemon(Grad
leKotlinCompilerWork.kt:244)
	at org.jetbrains.kotlin.comp
ilerRunner.GradleKotlinCompil
erWork.compileWithDaemonOrFal
lbackImpl(GradleKotlinCompile
rWork.kt:175)
	at org.jetbrains.kotlin.comp
ilerRunner.GradleKotlinCompil
erWork.run(GradleKotlinCompil
erWork.kt:135)
	at org.jetbrains.kotlin.comp
ilerRunner.GradleCompilerRunn
erWithWorkers$GradleKotlinCom
pilerWorkAction.execute(Gradl
eCompilerRunnerWithWorkers.kt
:73)
	at org.gradle.workers.intern
al.DefaultWorkerServer.execut
e(DefaultWorkerServer.java:63
)
	at org.gradle.workers.intern
al.NoIsolationWorkerFactory$1
$1.create(NoIsolationWorkerFa
ctory.java:66)
	at org.gradle.workers.intern
al.NoIsolationWorkerFactory$1
$1.create(NoIsolationWorkerFa
ctory.java:62)
	at org.gradle.internal.class
loader.ClassLoaderUtils.execu
teInClassloader(ClassLoaderUt
ils.java:100)
	at org.gradle.workers.intern
al.NoIsolationWorkerFactory$1
.lambda$execute$0(NoIsolation
WorkerFactory.java:62)
	at org.gradle.workers.intern
al.AbstractWorker$1.call(Abst
ractWorker.java:44)
	at org.gradle.workers.intern
al.AbstractWorker$1.call(Abst
ractWorker.java:41)
	at org.gradle.internal.opera
tions.DefaultBuildOperationRu
nner$CallableBuildOperationWo
rker.execute(DefaultBuildOper
ationRunner.java:200)
	at org.gradle.internal.opera
tions.DefaultBuildOperationRu
nner$CallableBuildOperationWo
rker.execute(DefaultBuildOper
ationRunner.java:195)
	at org.gradle.internal.opera
tions.DefaultBuildOperationRu
nner$2.execute(DefaultBuildOp
erationRunner.java:66)
	at org.gradle.internal.opera
tions.DefaultBuildOperationRu
nner$2.execute(DefaultBuildOp
erationRunner.java:59)
	at org.gradle.internal.opera
tions.DefaultBuildOperationRu
nner.execute(DefaultBuildOper
ationRunner.java:157)
	at org.gradle.internal.opera
tions.DefaultBuildOperationRu
nner.execute(DefaultBuildOper
ationRunner.java:59)
	at org.gradle.internal.opera
tions.DefaultBuildOperationRu
nner.call(DefaultBuildOperati
onRunner.java:53)
	at org.gradle.internal.opera
tions.DefaultBuildOperationEx
ecutor.call(DefaultBuildOpera
tionExecutor.java:73)
	at org.gradle.workers.intern
al.AbstractWorker.executeWrap
pedInBuildOperation(AbstractW
orker.java:41)
	at org.gradle.workers.intern
al.NoIsolationWorkerFactory$1
.execute(NoIsolationWorkerFac
tory.java:59)
	at org.gradle.workers.intern
al.DefaultWorkerExecutor.lamb
da$submitWork$0(DefaultWorker
Executor.java:174)
	at java.base/java.util.concu
rrent.FutureTask.run(FutureTa
sk.java:264)
	at org.gradle.internal.work.
DefaultConditionalExecutionQu
eue$ExecutionRunner.runExecut
ion(DefaultConditionalExecuti
onQueue.java:187)
	at org.gradle.internal.work.
DefaultConditionalExecutionQu
eue$ExecutionRunner.access$70
0(DefaultConditionalExecution
Queue.java:120)
	at org.gradle.internal.work.
DefaultConditionalExecutionQu
eue$ExecutionRunner$1.run(Def
aultConditionalExecutionQueue
.java:162)
	at org.gradle.internal.Facto
ries$1.create(Factories.java:
31)
	at org.gradle.internal.work.
DefaultWorkerLeaseService.wit
hLocks(DefaultWorkerLeaseServ
ice.java:264)
	at org.gradle.internal.work.
DefaultWorkerLeaseService.run
AsWorkerThread(DefaultWorkerL
easeService.java:128)
	at org.gradle.internal.work.
DefaultWorkerLeaseService.run
AsWorkerThread(DefaultWorkerL
easeService.java:133)
	at org.gradle.internal.work.
DefaultConditionalExecutionQu
eue$ExecutionRunner.runBatch(
DefaultConditionalExecutionQu
eue.java:157)
	at org.gradle.internal.work.
DefaultConditionalExecutionQu
eue$ExecutionRunner.run(Defau
ltConditionalExecutionQueue.j
ava:126)
	at java.base/java.util.concu
rrent.Executors$RunnableAdapt
er.call(Executors.java:539)
	at java.base/java.util.concu
rrent.FutureTask.run(FutureTa
sk.java:264)
	at org.gradle.internal.concu
rrent.ExecutorPolicy$CatchAnd
RecordFailures.onExecute(Exec
utorPolicy.java:64)
	at org.gradle.internal.concu
rrent.AbstractManagedExecutor
$1.run(AbstractManagedExecuto
r.java:47)
	at java.base/java.util.concu
rrent.ThreadPoolExecutor.runW
orker(ThreadPoolExecutor.java
:1136)
	at java.base/java.util.concu
rrent.ThreadPoolExecutor$Work
er.run(ThreadPoolExecutor.jav
a:635)
	at java.base/java.lang.Threa
d.run(Thread.java:842)
Caused by: java.lang.IllegalA
rgumentException: this and 
base files have different 
roots: C:\Users\Usuario\AppDa
ta\Local\Pub\Cache\hosted\pub
.dev\flutter_tts-4.2.5\androi
d\src\main\kotlin\com\eyedead
evelopment\fluttertts\Flutter
TtsPlugin.kt and D:\Lucila\Do
cumentos\GitHub\PulseCoach\an
droid.
	at kotlin.io.FilesKt__UtilsK
t.toRelativeString(Utils.kt:1
17)
	at kotlin.io.FilesKt__UtilsK
t.relativeTo(Utils.kt:128)
	at org.jetbrains.kotlin.incr
emental.storage.RelocatableFi
leToPathConverter.toPath(Relo
catableFileToPathConverter.kt
:22)
	at org.jetbrains.kotlin.incr
emental.storage.Complementary
SourceFilesMap.get(Complement
arySourceFilesMap.kt:22)
	at org.jetbrains.kotlin.incr
emental.AbstractIncrementalCa
che.getComplementaryFilesRecu
rsive(AbstractIncrementalCach
e.kt:219)
	at org.jetbrains.kotlin.incr
emental.IncrementalCompilerRu
nner.doCompile(IncrementalCom
pilerRunner.kt:455)
	at org.jetbrains.kotlin.incr
emental.IncrementalCompilerRu
nner.compileImpl(IncrementalC
ompilerRunner.kt:400)
	at org.jetbrains.kotlin.incr
emental.IncrementalCompilerRu
nner.compileNonIncrementally(
IncrementalCompilerRunner.kt:
281)
	at org.jetbrains.kotlin.incr
emental.IncrementalCompilerRu
nner.compile(IncrementalCompi
lerRunner.kt:125)
	at org.jetbrains.kotlin.daem
on.CompileServiceImplBase.exe
cIncrementalCompiler(CompileS
erviceImpl.kt:657)
	at org.jetbrains.kotlin.daem
on.CompileServiceImplBase.acc
ess$execIncrementalCompiler(C
ompileServiceImpl.kt:105)
	at org.jetbrains.kotlin.daem
on.CompileServiceImpl.compile
(CompileServiceImpl.kt:1624)
	at java.base/jdk.internal.re
flect.NativeMethodAccessorImp
l.invoke0(Native Method)
	at java.base/jdk.internal.re
flect.NativeMethodAccessorImp
l.invoke(NativeMethodAccessor
Impl.java:77)
	at java.base/jdk.internal.re
flect.DelegatingMethodAccesso
rImpl.invoke(DelegatingMethod
AccessorImpl.java:43)
	at java.base/java.lang.refle
ct.Method.invoke(Method.java:
568)
	at java.rmi/sun.rmi.server.U
nicastServerRef.dispatch(Unic
astServerRef.java:360)
	at java.rmi/sun.rmi.transpor
t.Transport$1.run(Transport.j
ava:200)
	at java.rmi/sun.rmi.transpor
t.Transport$1.run(Transport.j
ava:197)
	at java.base/java.security.A
ccessController.doPrivileged(
AccessController.java:712)
	at java.rmi/sun.rmi.transpor
t.Transport.serviceCall(Trans
port.java:196)
	at java.rmi/sun.rmi.transpor
t.tcp.TCPTransport.handleMess
ages(TCPTransport.java:587)
	at java.rmi/sun.rmi.transpor
t.tcp.TCPTransport$Connection
Handler.run0(TCPTransport.jav
a:828)
	at java.rmi/sun.rmi.transpor
t.tcp.TCPTransport$Connection
Handler.lambda$run$0(TCPTrans
port.java:705)
	at java.base/java.security.A
ccessController.doPrivileged(
AccessController.java:399)
	at java.rmi/sun.rmi.transpor
t.tcp.TCPTransport$Connection
Handler.run(TCPTransport.java
:704)
	... 3 more

exception: error: 
incompatible classes were 
found in dependencies. 
Remove them from the 
classpath or use '-Xskip-meta
data-version-check' to 
suppress errors
exception: c:\Users\Usuario\.
gradle\caches\transforms-4\9d
fd7fc35cb992d583a986c26383190
c\transformed\jetified-kotlin
-stdlib-2.2.20.jar!\META-INF\
kotlin-stdlib-jdk7.kotlin_mod
ule: error: module was 
compiled with an 
incompatible version of 
Kotlin. The binary version 
of its metadata is 2.2.0, 
expected version is 1.9.0.
exception: c:\Users\Usuario\.
gradle\caches\transforms-4\9d
fd7fc35cb992d583a986c26383190
c\transformed\jetified-kotlin
-stdlib-2.2.20.jar!\META-INF\
kotlin-stdlib-jdk8.kotlin_mod
ule: error: module was 
compiled with an 
incompatible version of 
Kotlin. The binary version 
of its metadata is 2.2.0, 
expected version is 1.9.0.
exception: c:\Users\Usuario\.
gradle\caches\transforms-4\9d
fd7fc35cb992d583a986c26383190
c\transformed\jetified-kotlin
-stdlib-2.2.20.jar!\META-INF\
kotlin-stdlib.kotlin_module: 
error: module was compiled 
with an incompatible version 
of Kotlin. The binary 
version of its metadata is 
2.2.0, expected version is 
1.9.0.
exception: c:\Users\Usuario\A
ppData\Local\Pub\Cache\hosted
\pub.dev\flutter_tts-4.2.5\an
droid\src\main\kotlin\com\eye
deadevelopment\fluttertts\Flu
tterTtsPlugin.kt:47:38: 
error: unresolved reference: 
ArrayList
exception:     private val 
pendingMethodCalls = 
ArrayList<Runnable>()
exception:                   
                   ^
exception: c:\Users\Usuario\A
ppData\Local\Pub\Cache\hosted
\pub.dev\flutter_tts-4.2.5\an
droid\src\main\kotlin\com\eye
deadevelopment\fluttertts\Flu
tterTtsPlugin.kt:48:30: 
error: unresolved reference: 
HashMap
exception:     private val 
utterances = HashMap<String, 
String>()
exception:                   
           ^
exception: c:\Users\Usuario\A
ppData\Local\Pub\Cache\hosted
\pub.dev\flutter_tts-4.2.5\an
droid\src\main\kotlin\com\eye
deadevelopment\fluttertts\Flu
tterTtsPlugin.kt:69:14: 
error: class 'kotlin.Unit' 
was compiled with an 
incompatible version of 
Kotlin. The actual metadata 
version is 2.2.0, but the 
compiler version 1.9.0 can 
read versions up to 2.0.0.
exception: the class is 
loaded from C:/Users/Usuario/
.gradle/caches/transforms-4/9
dfd7fc35cb992d583a986c2638319
0c/transformed/jetified-kotli
n-stdlib-2.2.20.jar!/kotlin/U
nit.class
exception:         
this.context = context
exception:              ^
exception: c:\Users\Usuario\A
ppData\Local\Pub\Cache\hosted
\pub.dev\flutter_tts-4.2.5\an
droid\src\main\kotlin\com\eye
deadevelopment\fluttertts\Flu
tterTtsPlugin.kt:70:9: 
error: class 'kotlin.Unit' 
was compiled with an 
incompatible version of 
Kotlin. The actual metadata 
version is 2.2.0, but the 
compiler version 1.9.0 can 
read versions up to 2.0.0.
exception: the class is 
loaded from C:/Users/Usuario/
.gradle/caches/transforms-4/9
dfd7fc35cb992d583a986c2638319
0c/transformed/jetified-kotli
n-stdlib-2.2.20.jar!/kotlin/U
nit.class
exception:         
methodChannel = 
MethodChannel(messenger, 
"flutter_tts")
exception:         ^
exception: c:\Users\Usuario\A
ppData\Local\Pub\Cache\hosted
\pub.dev\flutter_tts-4.2.5\an
droid\src\main\kotlin\com\eye
deadevelopment\fluttertts\Flu
tterTtsPlugin.kt:71:25: 
error: class 'kotlin.Unit' 
was compiled with an 
incompatible version of 
Kotlin. The actual metadata 
version is 2.2.0, but the 
compiler version 1.9.0 can 
read versions up to 2.0.0.
exception: the class is 
loaded from C:/Users/Usuario/
.gradle/caches/transforms-4/9
dfd7fc35cb992d583a986c2638319
0c/transformed/jetified-kotli
n-stdlib-2.2.20.jar!/kotlin/U
nit.class
exception:         methodChan
nel!!.setMethodCallHandler(th
is)
exception:                   
      ^
exception: c:\Users\Usuario\A
ppData\Local\Pub\Cache\hosted
\pub.dev\flutter_tts-4.2.5\an
droid\src\main\kotlin\com\eye
deadevelopment\fluttertts\Flu
tterTtsPlugin.kt:72:9: 
error: class 'kotlin.Unit' 
was compiled with an 
incompatible version of 
Kotlin. The actual metadata 
version is 2.2.0, but the 
compiler version 1.9.0 can 
read versions up to 2.0.0.
exception: the class is 
loaded from C:/Users/Usuario/
.gradle/caches/transforms-4/9
dfd7fc35cb992d583a986c2638319
0c/transformed/jetified-kotli
n-stdlib-2.2.20.jar!/kotlin/U
nit.class
exception:         handler = 
Handler(Looper.getMainLooper(
))
exception:         ^
exception: c:\Users\Usuario\A
ppData\Local\Pub\Cache\hosted
\pub.dev\flutter_tts-4.2.5\an
droid\src\main\kotlin\com\eye
deadevelopment\fluttertts\Flu
tterTtsPlugin.kt:73:9: 
error: class 'kotlin.Unit' 
was compiled with an 
incompatible version of 
Kotlin. The actual metadata 
version is 2.2.0, but the 
compiler version 1.9.0 can 
read versions up to 2.0.0.
exception: the class is 
loaded from C:/Users/Usuario/
.gradle/caches/transforms-4/9
dfd7fc35cb992d583a986c2638319
0c/transformed/jetified-kotli
n-stdlib-2.2.20.jar!/kotlin/U
nit.class
exception:         bundle = 
Bundle()
exception:         ^
exception: c:\Users\Usuario\A
ppData\Local\Pub\Cache\hosted
\pub.dev\flutter_tts-4.2.5\an
droid\src\main\kotlin\com\eye
deadevelopment\fluttertts\Flu
tterTtsPlugin.kt:74:9: 
error: class 'kotlin.Unit' 
was compiled with an 
incompatible version of 
Kotlin. The actual metadata 
version is 2.2.0, but the 
compiler version 1.9.0 can 
read versions up to 2.0.0.
exception: the class is 
loaded from C:/Users/Usuario/
.gradle/caches/transforms-4/9
dfd7fc35cb992d583a986c2638319
0c/transformed/jetified-kotli
n-stdlib-2.2.20.jar!/kotlin/U
nit.class
exception:         tts = 
TextToSpeech(context, onInitL
istenerWithoutCallback)
exception:         ^
exception: c:\Users\Usuario\A
ppData\Local\Pub\Cache\hosted
\pub.dev\flutter_tts-4.2.5\an
droid\src\main\kotlin\com\eye
deadevelopment\fluttertts\Flu
tterTtsPlugin.kt:79:9: 
error: class 'kotlin.Unit' 
was compiled with an 
incompatible version of 
Kotlin. The actual metadata 
version is 2.2.0, but the 
compiler version 1.9.0 can 
read versions up to 2.0.0.
exception: the class is 
loaded from C:/Users/Usuario/
.gradle/caches/transforms-4/9
dfd7fc35cb992d583a986c2638319
0c/transformed/jetified-kotli
n-stdlib-2.2.20.jar!/kotlin/U
nit.class
exception:         initInstan
ce(binding.binaryMessenger, 
binding.applicationContext)
exception:         ^
exception: c:\Users\Usuario\A
ppData\Local\Pub\Cache\hosted
\pub.dev\flutter_tts-4.2.5\an
droid\src\main\kotlin\com\eye
deadevelopment\fluttertts\Flu
tterTtsPlugin.kt:83:9: 
error: class 'kotlin.Unit' 
was compiled with an 
incompatible version of 
Kotlin. The actual metadata 
version is 2.2.0, but the 
compiler version 1.9.0 can 
read versions up to 2.0.0.
exception: the class is 
loaded from C:/Users/Usuario/
.gradle/caches/transforms-4/9
dfd7fc35cb992d583a986c2638319
0c/transformed/jetified-kotli
n-stdlib-2.2.20.jar!/kotlin/U
nit.class
exception:         stop()
exception:         ^
exception: c:\Users\Usuario\A
ppData\Local\Pub\Cache\hosted
\pub.dev\flutter_tts-4.2.5\an
droid\src\main\kotlin\com\eye
deadevelopment\fluttertts\Flu
tterTtsPlugin.kt:84:15: 
error: class 'kotlin.Unit' 
was compiled with an 
incompatible version of 
Kotlin. The actual metadata 
version is 2.2.0, but the 
compiler version 1.9.0 can 
read versions up to 2.0.0.
exception: the class is 
loaded from C:/Users/Usuario/
.gradle/caches/transforms-4/9
dfd7fc35cb992d583a986c2638319
0c/transformed/jetified-kotli
n-stdlib-2.2.20.jar!/kotlin/U
nit.class
exception:         
tts!!.shutdown()
exception:               ^
exception: c:\Users\Usuario\A
ppData\Local\Pub\Cache\hosted
\pub.dev\flutter_tts-4.2.5\an
droid\src\main\kotlin\com\eye
deadevelopment\fluttertts\Flu
tterTtsPlugin.kt:85:9: 
error: class 'kotlin.Unit' 
was compiled with an 
incompatible version of 
Kotlin. The actual metadata 
version is 2.2.0, but the 
compiler version 1.9.0 can 
read versions up to 2.0.0.
exception: the class is 
loaded from C:/Users/Usuario/
.gradle/caches/transforms-4/9
dfd7fc35cb992d583a986c2638319
0c/transformed/jetified-kotli
n-stdlib-2.2.20.jar!/kotlin/U
nit.class
exception:         context = 
null
exception:         ^
exception: c:\Users\Usuario\A
ppData\Local\Pub\Cache\hosted
\pub.dev\flutter_tts-4.2.5\an
droid\src\main\kotlin\com\eye
deadevelopment\fluttertts\Flu
tterTtsPlugin.kt:86:25: 
error: class 'kotlin.Unit' 
was compiled with an 
incompatible version of 
Kotlin. The actual metadata 
version is 2.2.0, but the 
compiler version 1.9.0 can 
read versions up to 2.0.0.
exception: the class is 
loaded from C:/Users/Usuario/
.gradle/caches/transforms-4/9
dfd7fc35cb992d583a986c2638319
0c/transformed/jetified-kotli
n-stdlib-2.2.20.jar!/kotlin/U
nit.class
exception:         methodChan
nel!!.setMethodCallHandler(nu
ll)
exception:                   
      ^
exception: c:\Users\Usuario\A
ppData\Local\Pub\Cache\hosted
\pub.dev\flutter_tts-4.2.5\an
droid\src\main\kotlin\com\eye
deadevelopment\fluttertts\Flu
tterTtsPlugin.kt:87:9: 
error: class 'kotlin.Unit' 
was compiled with an 
incompatible version of 
Kotlin. The actual metadata 
version is 2.2.0, but the 
compiler version 1.9.0 can 
read versions up to 2.0.0.
exception: the class is 
loaded from C:/Users/Usuario/
.gradle/caches/transforms-4/9
dfd7fc35cb992d583a986c2638319
0c/transformed/jetified-kotli
n-stdlib-2.2.20.jar!/kotlin/U
nit.class
exception:         
methodChannel = null
exception:         ^
exception: c:\Users\Usuario\A
ppData\Local\Pub\Cache\hosted
\pub.dev\flutter_tts-4.2.5\an
droid\src\main\kotlin\com\eye
deadevelopment\fluttertts\Flu
tterTtsPlugin.kt:93:17: 
error: class 'kotlin.Unit' 
was compiled with an 
incompatible version of 
Kotlin. The actual metadata 
version is 2.2.0, but the 
compiler version 1.9.0 can 
read versions up to 2.0.0.
exception: the class is 
loaded from C:/Users/Usuario/
.gradle/caches/transforms-4/9
dfd7fc35cb992d583a986c2638319
0c/transformed/jetified-kotli
n-stdlib-2.2.20.jar!/kotlin/U
nit.class
exception:                 
if (utteranceId.startsWith(SY
NTHESIZE_TO_FILE_PREFIX)) {
exception:                 ^
exception: c:\Users\Usuario\A
ppData\Local\Pub\Cache\hosted
\pub.dev\flutter_tts-4.2.5\an
droid\src\main\kotlin\com\eye
deadevelopment\fluttertts\Flu
tterTtsPlugin.kt:93:33: 
error: unresolved reference: 
startsWith
exception:                 
if (utteranceId.startsWith(SY
NTHESIZE_TO_FILE_PREFIX)) {
exception:                   
              ^
exception: c:\Users\Usuario\A
ppData\Local\Pub\Cache\hosted
\pub.dev\flutter_tts-4.2.5\an
droid\src\main\kotlin\com\eye
deadevelopment\fluttertts\Flu
tterTtsPlugin.kt:94:21: 
error: class 'kotlin.Unit' 
was compiled with an 
incompatible version of 
Kotlin. The actual metadata 
version is 2.2.0, but the 
compiler version 1.9.0 can 
read versions up to 2.0.0.
exception: the class is 
loaded from C:/Users/Usuario/
.gradle/caches/transforms-4/9
dfd7fc35cb992d583a986c2638319
0c/transformed/jetified-kotli
n-stdlib-2.2.20.jar!/kotlin/U
nit.class
exception:                   
  invokeMethod("synth.onStart
", true)
exception:                   
  ^
exception: c:\Users\Usuario\A
ppData\Local\Pub\Cache\hosted
\pub.dev\flutter_tts-4.2.5\an
droid\src\main\kotlin\com\eye
deadevelopment\fluttertts\Flu
tterTtsPlugin.kt:96:21: 
error: class 'kotlin.Unit' 
was compiled with an 
incompatible version of 
Kotlin. The actual metadata 
version is 2.2.0, but the 
compiler version 1.9.0 can 
read versions up to 2.0.0.
exception: the class is 
loaded from C:/Users/Usuario/
.gradle/caches/transforms-4/9
dfd7fc35cb992d583a986c2638319
0c/transformed/jetified-kotli
n-stdlib-2.2.20.jar!/kotlin/U
nit.class
exception:                   
  if (isPaused) {
exception:                   
  ^
exception: c:\Users\Usuario\A
ppData\Local\Pub\Cache\hosted
\pub.dev\flutter_tts-4.2.5\an
droid\src\main\kotlin\com\eye
deadevelopment\fluttertts\Flu
tterTtsPlugin.kt:97:25: 
error: class 'kotlin.Unit' 
was compiled with an 
incompatible version of 
Kotlin. The actual metadata 
version is 2.2.0, but the 
compiler version 1.9.0 can 
read versions up to 2.0.0.
exception: the class is 
loaded from C:/Users/Usuario/
.gradle/caches/transforms-4/9
dfd7fc35cb992d583a986c2638319
0c/transformed/jetified-kotli
n-stdlib-2.2.20.jar!/kotlin/U
nit.class
exception:                   
      invokeMethod("speak.onC
ontinue", true)
exception:                   
      ^
exception: c:\Users\Usuario\A
ppData\Local\Pub\Cache\hosted
\pub.dev\flutter_tts-4.2.5\an
droid\src\main\kotlin\com\eye
deadevelopment\fluttertts\Flu
tterTtsPlugin.kt:98:25: 
error: class 'kotlin.Unit' 
was compiled with an 
incompatible version of 
Kotlin. The actual metadata 
version is 2.2.0, but the 
compiler version 1.9.0 can 
read versions up to 2.0.0.
exception: the class is 
loaded from C:/Users/Usuario/
.gradle/caches/transforms-4/9
dfd7fc35cb992d583a986c2638319
0c/transformed/jetified-kotli
n-stdlib-2.2.20.jar!/kotlin/U
nit.class
exception:                   
      isPaused = false
exception:                   
      ^
exception: c:\Users\Usuario\A
ppData\Local\Pub\Cache\hosted
\pub.dev\flutter_tts-4.2.5\an
droid\src\main\kotlin\com\eye
deadevelopment\fluttertts\Flu
tterTtsPlugin.kt:100:29: 
error: class 'kotlin.Unit' 
was compiled with an 
incompatible version of 
Kotlin. The actual metadata 
version is 2.2.0, but the 
compiler version 1.9.0 can 
read versions up to 2.0.0.
exception: the class is 
loaded from C:/Users/Usuario/
.gradle/caches/transforms-4/9
dfd7fc35cb992d583a986c2638319
0c/transformed/jetified-kotli
n-stdlib-2.2.20.jar!/kotlin/U
nit.class
exception:                   
      Log.d(tag, "Utterance 
ID has started: 
$utteranceId")
exception:                   
          ^
exception: c:\Users\Usuario\A
ppData\Local\Pub\Cache\hosted
\pub.dev\flutter_tts-4.2.5\an
droid\src\main\kotlin\com\eye
deadevelopment\fluttertts\Flu
tterTtsPlugin.kt:101:25: 
error: class 'kotlin.Unit' 
was compiled with an 
incompatible version of 
Kotlin. The actual metadata 
version is 2.2.0, but the 
compiler version 1.9.0 can 
read versions up to 2.0.0.
exception: the class is 
loaded from C:/Users/Usuario/
.gradle/caches/transforms-4/9
dfd7fc35cb992d583a986c2638319
0c/transformed/jetified-kotli
n-stdlib-2.2.20.jar!/kotlin/U
nit.class
exception:                   
      invokeMethod("speak.onS
tart", true)
exception:                   
      ^
exception: c:\Users\Usuario\A
ppData\Local\Pub\Cache\hosted
\pub.dev\flutter_tts-4.2.5\an
droid\src\main\kotlin\com\eye
deadevelopment\fluttertts\Flu
tterTtsPlugin.kt:105:21: 
error: class 'kotlin.Unit' 
was compiled with an 
incompatible version of 
Kotlin. The actual metadata 
version is 2.2.0, but the 
compiler version 1.9.0 can 
read versions up to 2.0.0.
exception: the class is 
loaded from C:/Users/Usuario/
.gradle/caches/transforms-4/9
dfd7fc35cb992d583a986c2638319
0c/transformed/jetified-kotli
n-stdlib-2.2.20.jar!/kotlin/U
nit.class
exception:                   
  onProgress(utteranceId, 0, 
utterances[utteranceId]!!.len
gth)
exception:                   
  ^
exception: c:\Users\Usuario\A
ppData\Local\Pub\Cache\hosted
\pub.dev\flutter_tts-4.2.5\an
droid\src\main\kotlin\com\eye
deadevelopment\fluttertts\Flu
tterTtsPlugin.kt:110:33: 
error: unresolved reference: 
startsWith
exception:                 
if (utteranceId.startsWith(SI
LENCE_PREFIX)) return
exception:                   
              ^
exception: c:\Users\Usuario\A
ppData\Local\Pub\Cache\hosted
\pub.dev\flutter_tts-4.2.5\an
droid\src\main\kotlin\com\eye
deadevelopment\fluttertts\Flu
tterTtsPlugin.kt:111:17: 
error: class 'kotlin.Unit' 
was compiled with an 
incompatible version of 
Kotlin. The actual metadata 
version is 2.2.0, but the 
compiler version 1.9.0 can 
read versions up to 2.0.0.
exception: the class is 
loaded from C:/Users/Usuario/
.gradle/caches/transforms-4/9
dfd7fc35cb992d583a986c2638319
0c/transformed/jetified-kotli
n-stdlib-2.2.20.jar!/kotlin/U
nit.class
exception:                 
if (utteranceId.startsWith(SY
NTHESIZE_TO_FILE_PREFIX)) {
exception:                 ^
exception: c:\Users\Usuario\A
ppData\Local\Pub\Cache\hosted
\pub.dev\flutter_tts-4.2.5\an
droid\src\main\kotlin\com\eye
deadevelopment\fluttertts\Flu
tterTtsPlugin.kt:111:33: 
error: unresolved reference: 
startsWith
exception:                 
if (utteranceId.startsWith(SY
NTHESIZE_TO_FILE_PREFIX)) {
exception:                   
              ^
exception: c:\Users\Usuario\A
ppData\Local\Pub\Cache\hosted
\pub.dev\flutter_tts-4.2.5\an
droid\src\main\kotlin\com\eye
deadevelopment\fluttertts\Flu
tterTtsPlugin.kt:112:21: 
error: class 'kotlin.Unit' 
was compiled with an 
incompatible version of 
Kotlin. The actual metadata 
version is 2.2.0, but the 
compiler version 1.9.0 can 
read versions up to 2.0.0.
exception: the class is 
loaded from C:/Users/Usuario/
.gradle/caches/transforms-4/9
dfd7fc35cb992d583a986c2638319
0c/transformed/jetified-kotli
n-stdlib-2.2.20.jar!/kotlin/U
nit.class
exception:                   
  closeParcelFileDescriptor(f
alse)
exception:                   
  ^
exception: c:\Users\Usuario\A
ppData\Local\Pub\Cache\hosted
\pub.dev\flutter_tts-4.2.5\an
droid\src\main\kotlin\com\eye
deadevelopment\fluttertts\Flu
tterTtsPlugin.kt:113:25: 
error: class 'kotlin.Unit' 
was compiled with an 
incompatible version of 
Kotlin. The actual metadata 
version is 2.2.0, but the 
compiler version 1.9.0 can 
read versions up to 2.0.0.
exception: the class is 
loaded from C:/Users/Usuario/
.gradle/caches/transforms-4/9
dfd7fc35cb992d583a986c2638319
0c/transformed/jetified-kotli
n-stdlib-2.2.20.jar!/kotlin/U
nit.class
exception:                   
  Log.d(tag, "Utterance ID 
has completed: $utteranceId")
exception:                   
      ^
exception: c:\Users\Usuario\A
ppData\Local\Pub\Cache\hosted
\pub.dev\flutter_tts-4.2.5\an
droid\src\main\kotlin\com\eye
deadevelopment\fluttertts\Flu
tterTtsPlugin.kt:115:25: 
error: class 'kotlin.Unit' 
was compiled with an 
incompatible version of 
Kotlin. The actual metadata 
version is 2.2.0, but the 
compiler version 1.9.0 can 
read versions up to 2.0.0.
exception: the class is 
loaded from C:/Users/Usuario/
.gradle/caches/transforms-4/9
dfd7fc35cb992d583a986c2638319
0c/transformed/jetified-kotli
n-stdlib-2.2.20.jar!/kotlin/U
nit.class
exception:                   
      synthCompletion(1)
exception:                   
      ^
exception: c:\Users\Usuario\A
ppData\Local\Pub\Cache\hosted
\pub.dev\flutter_tts-4.2.5\an
droid\src\main\kotlin\com\eye
deadevelopment\fluttertts\Flu
tterTtsPlugin.kt:117:21: 
error: class 'kotlin.Unit' 
was compiled with an 
incompatible version of 
Kotlin. The actual metadata 
version is 2.2.0, but the 
compiler version 1.9.0 can 
read versions up to 2.0.0.
exception: the class is 
loaded from C:/Users/Usuario/
.gradle/caches/transforms-4/9
dfd7fc35cb992d583a986c2638319
0c/transformed/jetified-kotli
n-stdlib-2.2.20.jar!/kotlin/U
nit.class
exception:                   
  invokeMethod("synth.onCompl
ete", true)
exception:                   
  ^
exception: c:\Users\Usuario\A
ppData\Local\Pub\Cache\hosted
\pub.dev\flutter_tts-4.2.5\an
droid\src\main\kotlin\com\eye
deadevelopment\fluttertts\Flu
tterTtsPlugin.kt:119:25: 
error: class 'kotlin.Unit' 
was compiled with an 
incompatible version of 
Kotlin. The actual metadata 
version is 2.2.0, but the 
compiler version 1.9.0 can 
read versions up to 2.0.0.
exception: the class is 
loaded from C:/Users/Usuario/
.gradle/caches/transforms-4/9
dfd7fc35cb992d583a986c2638319
0c/transformed/jetified-kotli
n-stdlib-2.2.20.jar!/kotlin/U
nit.class
exception:                   
  Log.d(tag, "Utterance ID 
has completed: $utteranceId")
exception:                   
      ^
exception: c:\Users\Usuario\A
ppData\Local\Pub\Cache\hosted
\pub.dev\flutter_tts-4.2.5\an
droid\src\main\kotlin\com\eye
deadevelopment\fluttertts\Flu
tterTtsPlugin.kt:121:25: 
error: class 'kotlin.Unit' 
was compiled with an 
incompatible version of 
Kotlin. The actual metadata 
version is 2.2.0, but the 
compiler version 1.9.0 can 
read versions up to 2.0.0.
exception: the class is 
loaded from C:/Users/Usuario/
.gradle/caches/transforms-4/9
dfd7fc35cb992d583a986c2638319
0c/transformed/jetified-kotli
n-stdlib-2.2.20.jar!/kotlin/U
nit.class
exception:                   
      speakCompletion(1)
exception:                   
      ^
exception: c:\Users\Usuario\A
ppData\Local\Pub\Cache\hosted
\pub.dev\flutter_tts-4.2.5\an
droid\src\main\kotlin\com\eye
deadevelopment\fluttertts\Flu
tterTtsPlugin.kt:123:21: 
error: class 'kotlin.Unit' 
was compiled with an 
incompatible version of 
Kotlin. The actual metadata 
version is 2.2.0, but the 
compiler version 1.9.0 can 
read versions up to 2.0.0.
exception: the class is 
loaded from C:/Users/Usuario/
.gradle/caches/transforms-4/9
dfd7fc35cb992d583a986c2638319
0c/transformed/jetified-kotli
n-stdlib-2.2.20.jar!/kotlin/U
nit.class
exception:                   
  invokeMethod("speak.onCompl
ete", true)
exception:                   
  ^
exception: c:\Users\Usuario\A
ppData\Local\Pub\Cache\hosted
\pub.dev\flutter_tts-4.2.5\an
droid\src\main\kotlin\com\eye
deadevelopment\fluttertts\Flu
tterTtsPlugin.kt:125:17: 
error: class 'kotlin.Unit' 
was compiled with an 
incompatible version of 
Kotlin. The actual metadata 
version is 2.2.0, but the 
compiler version 1.9.0 can 
read versions up to 2.0.0.
exception: the class is 
loaded from C:/Users/Usuario/
.gradle/caches/transforms-4/9
dfd7fc35cb992d583a986c2638319
0c/transformed/jetified-kotli
n-stdlib-2.2.20.jar!/kotlin/U
nit.class
exception:                 
lastProgress = 0
exception:                 ^
exception: c:\Users\Usuario\A
ppData\Local\Pub\Cache\hosted
\pub.dev\flutter_tts-4.2.5\an
droid\src\main\kotlin\com\eye
deadevelopment\fluttertts\Flu
tterTtsPlugin.kt:126:17: 
error: class 'kotlin.Unit' 
was compiled with an 
incompatible version of 
Kotlin. The actual metadata 
version is 2.2.0, but the 
compiler version 1.9.0 can 
read versions up to 2.0.0.
exception: the class is 
loaded from C:/Users/Usuario/
.gradle/caches/transforms-4/9
dfd7fc35cb992d583a986c2638319
0c/transformed/jetified-kotli
n-stdlib-2.2.20.jar!/kotlin/U
nit.class
exception:                 
pauseText = null
exception:                 ^
exception: c:\Users\Usuario\A
ppData\Local\Pub\Cache\hosted
\pub.dev\flutter_tts-4.2.5\an
droid\src\main\kotlin\com\eye
deadevelopment\fluttertts\Flu
tterTtsPlugin.kt:128:17: 
error: class 'kotlin.Unit' 
was compiled with an 
incompatible version of 
Kotlin. The actual metadata 
version is 2.2.0, but the 
compiler version 1.9.0 can 
read versions up to 2.0.0.
exception: the class is 
loaded from C:/Users/Usuario/
.gradle/caches/transforms-4/9
dfd7fc35cb992d583a986c2638319
0c/transformed/jetified-kotli
n-stdlib-2.2.20.jar!/kotlin/U
nit.class
exception:                 
releaseAudioFocus()
exception:                 ^
exception: c:\Users\Usuario\A
ppData\Local\Pub\Cache\hosted
\pub.dev\flutter_tts-4.2.5\an
droid\src\main\kotlin\com\eye
deadevelopment\fluttertts\Flu
tterTtsPlugin.kt:132:21: 
error: class 'kotlin.Unit' 
was compiled with an 
incompatible version of 
Kotlin. The actual metadata 
version is 2.2.0, but the 
compiler version 1.9.0 can 
read versions up to 2.0.0.
exception: the class is 
loaded from C:/Users/Usuario/
.gradle/caches/transforms-4/9
dfd7fc35cb992d583a986c2638319
0c/transformed/jetified-kotli
n-stdlib-2.2.20.jar!/kotlin/U
nit.class
exception:                 
Log.d(
exception:                   
  ^
exception: c:\Users\Usuario\A
ppData\Local\Pub\Cache\hosted
\pub.dev\flutter_tts-4.2.5\an
droid\src\main\kotlin\com\eye
deadevelopment\fluttertts\Flu
tterTtsPlugin.kt:137:21: 
error: class 'kotlin.Unit' 
was compiled with an 
incompatible version of 
Kotlin. The actual metadata 
version is 2.2.0, but the 
compiler version 1.9.0 can 
read versions up to 2.0.0.
exception: the class is 
loaded from C:/Users/Usuario/
.gradle/caches/transforms-4/9
dfd7fc35cb992d583a986c2638319
0c/transformed/jetified-kotli
n-stdlib-2.2.20.jar!/kotlin/U
nit.class
exception:                   
  speaking = false
exception:                   
  ^
exception: c:\Users\Usuario\A
ppData\Local\Pub\Cache\hosted
\pub.dev\flutter_tts-4.2.5\an
droid\src\main\kotlin\com\eye
deadevelopment\fluttertts\Flu
tterTtsPlugin.kt:139:17: 
error: class 'kotlin.Unit' 
was compiled with an 
incompatible version of 
Kotlin. The actual metadata 
version is 2.2.0, but the 
compiler version 1.9.0 can 
read versions up to 2.0.0.
exception: the class is 
loaded from C:/Users/Usuario/
.gradle/caches/transforms-4/9
dfd7fc35cb992d583a986c2638319
0c/transformed/jetified-kotli
n-stdlib-2.2.20.jar!/kotlin/U
nit.class
exception:                 
if (isPaused) {
exception:                 ^
exception: c:\Users\Usuario\A
ppData\Local\Pub\Cache\hosted
\pub.dev\flutter_tts-4.2.5\an
droid\src\main\kotlin\com\eye
deadevelopment\fluttertts\Flu
tterTtsPlugin.kt:140:21: 
error: class 'kotlin.Unit' 
was compiled with an 
incompatible version of 
Kotlin. The actual metadata 
version is 2.2.0, but the 
compiler version 1.9.0 can 
read versions up to 2.0.0.
exception: the class is 
loaded from C:/Users/Usuario/
.gradle/caches/transforms-4/9
dfd7fc35cb992d583a986c2638319
0c/transformed/jetified-kotli
n-stdlib-2.2.20.jar!/kotlin/U
nit.class
exception:                   
  invokeMethod("speak.onPause
", true)
exception:                   
  ^
exception: c:\Users\Usuario\A
ppData\Local\Pub\Cache\hosted
\pub.dev\flutter_tts-4.2.5\an
droid\src\main\kotlin\com\eye
deadevelopment\fluttertts\Flu
tterTtsPlugin.kt:142:21: 
error: class 'kotlin.Unit' 
was compiled with an 
incompatible version of 
Kotlin. The actual metadata 
version is 2.2.0, but the 
compiler version 1.9.0 can 
read versions up to 2.0.0.
exception: the class is 
loaded from C:/Users/Usuario/
.gradle/caches/transforms-4/9
dfd7fc35cb992d583a986c2638319
0c/transformed/jetified-kotli
n-stdlib-2.2.20.jar!/kotlin/U
nit.class
exception:                   
  invokeMethod("speak.onCance
l", true)
exception:                   
  ^
exception: c:\Users\Usuario\A
ppData\Local\Pub\Cache\hosted
\pub.dev\flutter_tts-4.2.5\an
droid\src\main\kotlin\com\eye
deadevelopment\fluttertts\Flu
tterTtsPlugin.kt:144:17: 
error: class 'kotlin.Unit' 
was compiled with an 
incompatible version of 
Kotlin. The actual metadata 
version is 2.2.0, but the 
compiler version 1.9.0 can 
read versions up to 2.0.0.
exception: the class is 
loaded from C:/Users/Usuario/
.gradle/caches/transforms-4/9
dfd7fc35cb992d583a986c2638319
0c/transformed/jetified-kotli
n-stdlib-2.2.20.jar!/kotlin/U
nit.class
exception:                 
releaseAudioFocus()
exception:                 ^
exception: c:\Users\Usuario\A
ppData\Local\Pub\Cache\hosted
\pub.dev\flutter_tts-4.2.5\an
droid\src\main\kotlin\com\eye
deadevelopment\fluttertts\Flu
tterTtsPlugin.kt:148:57: 
error: unresolved reference: 
startsWith
exception:                 
if (utteranceId != null && !u
tteranceId.startsWith(SYNTHES
IZE_TO_FILE_PREFIX)) {
exception:                   
                             
         ^
exception: c:\Users\Usuario\A
ppData\Local\Pub\Cache\hosted
\pub.dev\flutter_tts-4.2.5\an
droid\src\main\kotlin\com\eye
deadevelopment\fluttertts\Flu
tterTtsPlugin.kt:150:32: 
error: unresolved reference: 
HashMap
exception:                   
  val data = HashMap<String, 
String?>()
exception:                   
             ^
exception: c:\Users\Usuario\A
ppData\Local\Pub\Cache\hosted
\pub.dev\flutter_tts-4.2.5\an
droid\src\main\kotlin\com\eye
deadevelopment\fluttertts\Flu
tterTtsPlugin.kt:155:21: 
error: class 'kotlin.Unit' 
was compiled with an 
incompatible version of 
Kotlin. The actual metadata 
version is 2.2.0, but the 
compiler version 1.9.0 can 
read versions up to 2.0.0.
exception: the class is 
loaded from C:/Users/Usuario/
.gradle/caches/transforms-4/9
dfd7fc35cb992d583a986c2638319
0c/transformed/jetified-kotli
n-stdlib-2.2.20.jar!/kotlin/U
nit.class
exception:                   
  invokeMethod("speak.onProgr
ess", data)
exception:                   
  ^
exception: c:\Users\Usuario\A
ppData\Local\Pub\Cache\hosted
\pub.dev\flutter_tts-4.2.5\an
droid\src\main\kotlin\com\eye
deadevelopment\fluttertts\Flu
tterTtsPlugin.kt:161:34: 
error: unresolved reference: 
startsWith
exception:                 
if (!utteranceId.startsWith(S
YNTHESIZE_TO_FILE_PREFIX)) {
exception:                   
               ^
exception: c:\Users\Usuario\A
ppData\Local\Pub\Cache\hosted
\pub.dev\flutter_tts-4.2.5\an
droid\src\main\kotlin\com\eye
deadevelopment\fluttertts\Flu
tterTtsPlugin.kt:162:21: 
error: class 'kotlin.Unit' 
was compiled with an 
incompatible version of 
Kotlin. The actual metadata 
version is 2.2.0, but the 
compiler version 1.9.0 can 
read versions up to 2.0.0.
exception: the class is 
loaded from C:/Users/Usuario/
.gradle/caches/transforms-4/9
dfd7fc35cb992d583a986c2638319
0c/transformed/jetified-kotli
n-stdlib-2.2.20.jar!/kotlin/U
nit.class
exception:                   
  lastProgress = startAt
exception:                   
  ^
exception: c:\Users\Usuario\A
ppData\Local\Pub\Cache\hosted
\pub.dev\flutter_tts-4.2.5\an
droid\src\main\kotlin\com\eye
deadevelopment\fluttertts\Flu
tterTtsPlugin.kt:163:27: 
error: class 'kotlin.Unit' 
was compiled with an 
incompatible version of 
Kotlin. The actual metadata 
version is 2.2.0, but the 
compiler version 1.9.0 can 
read versions up to 2.0.0.
exception: the class is 
loaded from C:/Users/Usuario/
.gradle/caches/transforms-4/9
dfd7fc35cb992d583a986c2638319
0c/transformed/jetified-kotli
n-stdlib-2.2.20.jar!/kotlin/U
nit.class
exception:                   
  super.onRangeStart(utteranc
eId, startAt, endAt, frame)
exception:                   
        ^
exception: c:\Users\Usuario\A
ppData\Local\Pub\Cache\hosted
\pub.dev\flutter_tts-4.2.5\an
droid\src\main\kotlin\com\eye
deadevelopment\fluttertts\Flu
tterTtsPlugin.kt:164:21: 
error: class 'kotlin.Unit' 
was compiled with an 
incompatible version of 
Kotlin. The actual metadata 
version is 2.2.0, but the 
compiler version 1.9.0 can 
read versions up to 2.0.0.
exception: the class is 
loaded from C:/Users/Usuario/
.gradle/caches/transforms-4/9
dfd7fc35cb992d583a986c2638319
0c/transformed/jetified-kotli
n-stdlib-2.2.20.jar!/kotlin/U
nit.class
exception:                   
  onProgress(utteranceId, 
startAt, endAt)
exception:                   
  ^
exception: c:\Users\Usuario\A
ppData\Local\Pub\Cache\hosted
\pub.dev\flutter_tts-4.2.5\an
droid\src\main\kotlin\com\eye
deadevelopment\fluttertts\Flu
tterTtsPlugin.kt:168:14: 
error: class 
'kotlin.Deprecated' was 
compiled with an 
incompatible version of 
Kotlin. The actual metadata 
version is 2.2.0, but the 
compiler version 1.9.0 can 
read versions up to 2.0.0.
exception: the class is 
loaded from C:/Users/Usuario/
.gradle/caches/transforms-4/9
dfd7fc35cb992d583a986c2638319
0c/transformed/jetified-kotli
n-stdlib-2.2.20.jar!/kotlin/D
eprecated.class
exception:             
@Deprecated("")
exception:              ^
exception: c:\Users\Usuario\A
ppData\Local\Pub\Cache\hosted
\pub.dev\flutter_tts-4.2.5\an
droid\src\main\kotlin\com\eye
deadevelopment\fluttertts\Flu
tterTtsPlugin.kt:168:14: 
error: class 
'kotlin.ReplaceWith' was 
compiled with an 
incompatible version of 
Kotlin. The actual metadata 
version is 2.2.0, but the 
compiler version 1.9.0 can 
read versions up to 2.0.0.
exception: the class is 
loaded from C:/Users/Usuario/
.gradle/caches/transforms-4/9
dfd7fc35cb992d583a986c2638319
0c/transformed/jetified-kotli
n-stdlib-2.2.20.jar!/kotlin/R
eplaceWith.class
exception:             
@Deprecated("")
exception:              ^
exception: c:\Users\Usuario\A
ppData\Local\Pub\Cache\hosted
\pub.dev\flutter_tts-4.2.5\an
droid\src\main\kotlin\com\eye
deadevelopment\fluttertts\Flu
tterTtsPlugin.kt:168:14: 
error: class 
'kotlin.DeprecationLevel' 
was compiled with an 
incompatible version of 
Kotlin. The actual metadata 
version is 2.2.0, but the 
compiler version 1.9.0 can 
read versions up to 2.0.0.
exception: the class is 
loaded from C:/Users/Usuario/
.gradle/caches/transforms-4/9
dfd7fc35cb992d583a986c2638319
0c/transformed/jetified-kotli
n-stdlib-2.2.20.jar!/kotlin/D
eprecationLevel.class
exception:             
@Deprecated("")
exception:              ^
exception: c:\Users\Usuario\A
ppData\Local\Pub\Cache\hosted
\pub.dev\flutter_tts-4.2.5\an
droid\src\main\kotlin\com\eye
deadevelopment\fluttertts\Flu
tterTtsPlugin.kt:170:17: 
error: class 'kotlin.Unit' 
was compiled with an 
incompatible version of 
Kotlin. The actual metadata 
version is 2.2.0, but the 
compiler version 1.9.0 can 
read versions up to 2.0.0.
exception: the class is 
loaded from C:/Users/Usuario/
.gradle/caches/transforms-4/9
dfd7fc35cb992d583a986c2638319
0c/transformed/jetified-kotli
n-stdlib-2.2.20.jar!/kotlin/U
nit.class
exception:                 
if (utteranceId.startsWith(SY
NTHESIZE_TO_FILE_PREFIX)) {
exception:                 ^
exception: c:\Users\Usuario\A
ppData\Local\Pub\Cache\hosted
\pub.dev\flutter_tts-4.2.5\an
droid\src\main\kotlin\com\eye
deadevelopment\fluttertts\Flu
tterTtsPlugin.kt:170:33: 
error: unresolved reference: 
startsWith
exception:                 
if (utteranceId.startsWith(SY
NTHESIZE_TO_FILE_PREFIX)) {
exception:                   
              ^
exception: c:\Users\Usuario\A
ppData\Local\Pub\Cache\hosted
\pub.dev\flutter_tts-4.2.5\an
droid\src\main\kotlin\com\eye
deadevelopment\fluttertts\Flu
tterTtsPlugin.kt:171:21: 
error: class 'kotlin.Unit' 
was compiled with an 
incompatible version of 
Kotlin. The actual metadata 
version is 2.2.0, but the 
compiler version 1.9.0 can 
read versions up to 2.0.0.
exception: the class is 
loaded from C:/Users/Usuario/
.gradle/caches/transforms-4/9
dfd7fc35cb992d583a986c2638319
0c/transformed/jetified-kotli
n-stdlib-2.2.20.jar!/kotlin/U
nit.class
exception:                   
  closeParcelFileDescriptor(t
rue)
exception:                   
  ^
exception: c:\Users\Usuario\A
ppData\Local\Pub\Cache\hosted
\pub.dev\flutter_tts-4.2.5\an
droid\src\main\kotlin\com\eye
deadevelopment\fluttertts\Flu
tterTtsPlugin.kt:173:25: 
error: class 'kotlin.Unit' 
was compiled with an 
incompatible version of 
Kotlin. The actual metadata 
version is 2.2.0, but the 
compiler version 1.9.0 can 
read versions up to 2.0.0.
exception: the class is 
loaded from C:/Users/Usuario/
.gradle/caches/transforms-4/9
dfd7fc35cb992d583a986c2638319
0c/transformed/jetified-kotli
n-stdlib-2.2.20.jar!/kotlin/U
nit.class
exception:                   
      synth = false
exception:                   
      ^
exception: c:\Users\Usuario\A
ppData\Local\Pub\Cache\hosted
\pub.dev\flutter_tts-4.2.5\an
droid\src\main\kotlin\com\eye
deadevelopment\fluttertts\Flu
tterTtsPlugin.kt:175:21: 
error: class 'kotlin.Unit' 
was compiled with an 
incompatible version of 
Kotlin. The actual metadata 
version is 2.2.0, but the 
compiler version 1.9.0 can 
read versions up to 2.0.0.
exception: the class is 
loaded from C:/Users/Usuario/
.gradle/caches/transforms-4/9
dfd7fc35cb992d583a986c2638319
0c/transformed/jetified-kotli
n-stdlib-2.2.20.jar!/kotlin/U
nit.class
exception:                   
  invokeMethod("synth.onError
", "Error from TextToSpeech 
(synth)")
exception:                   
  ^
exception: c:\Users\Usuario\A
ppData\Local\Pub\Cache\hosted
\pub.dev\flutter_tts-4.2.5\an
droid\src\main\kotlin\com\eye
deadevelopment\fluttertts\Flu
tterTtsPlugin.kt:178:25: 
error: class 'kotlin.Unit' 
was compiled with an 
incompatible version of 
Kotlin. The actual metadata 
version is 2.2.0, but the 
compiler version 1.9.0 can 
read versions up to 2.0.0.
exception: the class is 
loaded from C:/Users/Usuario/
.gradle/caches/transforms-4/9
dfd7fc35cb992d583a986c2638319
0c/transformed/jetified-kotli
n-stdlib-2.2.20.jar!/kotlin/U
nit.class
exception:                   
      speaking = false
exception:                   
      ^
exception: c:\Users\Usuario\A
ppData\Local\Pub\Cache\hosted
\pub.dev\flutter_tts-4.2.5\an
droid\src\main\kotlin\com\eye
deadevelopment\fluttertts\Flu
tterTtsPlugin.kt:180:21: 
error: class 'kotlin.Unit' 
was compiled with an 
incompatible version of 
Kotlin. The actual metadata 
version is 2.2.0, but the 
compiler version 1.9.0 can 
read versions up to 2.0.0.
exception: the class is 
loaded from C:/Users/Usuario/
.gradle/caches/transforms-4/9
dfd7fc35cb992d583a986c2638319
0c/transformed/jetified-kotli
n-stdlib-2.2.20.jar!/kotlin/U
nit.class
exception:                   
  invokeMethod("speak.onError
", "Error from TextToSpeech 
(speak)")
exception:                   
  ^
exception: c:\Users\Usuario\A
ppData\Local\Pub\Cache\hosted
\pub.dev\flutter_tts-4.2.5\an
droid\src\main\kotlin\com\eye
deadevelopment\fluttertts\Flu
tterTtsPlugin.kt:182:17: 
error: class 'kotlin.Unit' 
was compiled with an 
incompatible version of 
Kotlin. The actual metadata 
version is 2.2.0, but the 
compiler version 1.9.0 can 
read versions up to 2.0.0.
exception: the class is 
loaded from C:/Users/Usuario/
.gradle/caches/transforms-4/9
dfd7fc35cb992d583a986c2638319
0c/transformed/jetified-kotli
n-stdlib-2.2.20.jar!/kotlin/U
nit.class
exception:                 
releaseAudioFocus()
exception:                 ^
exception: c:\Users\Usuario\A
ppData\Local\Pub\Cache\hosted
\pub.dev\flutter_tts-4.2.5\an
droid\src\main\kotlin\com\eye
deadevelopment\fluttertts\Flu
tterTtsPlugin.kt:186:17: 
error: class 'kotlin.Unit' 
was compiled with an 
incompatible version of 
Kotlin. The actual metadata 
version is 2.2.0, but the 
compiler version 1.9.0 can 
read versions up to 2.0.0.
exception: the class is 
loaded from C:/Users/Usuario/
.gradle/caches/transforms-4/9
dfd7fc35cb992d583a986c2638319
0c/transformed/jetified-kotli
n-stdlib-2.2.20.jar!/kotlin/U
nit.class
exception:                 
if (utteranceId.startsWith(SY
NTHESIZE_TO_FILE_PREFIX)) {
exception:                 ^
exception: c:\Users\Usuario\A
ppData\Local\Pub\Cache\hosted
\pub.dev\flutter_tts-4.2.5\an
droid\src\main\kotlin\com\eye
deadevelopment\fluttertts\Flu
tterTtsPlugin.kt:186:33: 
error: unresolved reference: 
startsWith
exception:                 
if (utteranceId.startsWith(SY
NTHESIZE_TO_FILE_PREFIX)) {
exception:                   
              ^
exception: c:\Users\Usuario\A
ppData\Local\Pub\Cache\hosted
\pub.dev\flutter_tts-4.2.5\an
droid\src\main\kotlin\com\eye
deadevelopment\fluttertts\Flu
tterTtsPlugin.kt:187:21: 
error: class 'kotlin.Unit' 
was compiled with an 
incompatible version of 
Kotlin. The actual metadata 
version is 2.2.0, but the 
compiler version 1.9.0 can 
read versions up to 2.0.0.
exception: the class is 
loaded from C:/Users/Usuario/
.gradle/caches/transforms-4/9
dfd7fc35cb992d583a986c2638319
0c/transformed/jetified-kotli
n-stdlib-2.2.20.jar!/kotlin/U
nit.class
exception:                   
  closeParcelFileDescriptor(t
rue)
exception:                   
  ^
exception: c:\Users\Usuario\A
ppData\Local\Pub\Cache\hosted
\pub.dev\flutter_tts-4.2.5\an
droid\src\main\kotlin\com\eye
deadevelopment\fluttertts\Flu
tterTtsPlugin.kt:189:25: 
error: class 'kotlin.Unit' 
was compiled with an 
incompatible version of 
Kotlin. The actual metadata 
version is 2.2.0, but the 
compiler version 1.9.0 can 
read versions up to 2.0.0.
exception: the class is 
loaded from C:/Users/Usuario/
.gradle/caches/transforms-4/9
dfd7fc35cb992d583a986c2638319
0c/transformed/jetified-kotli
n-stdlib-2.2.20.jar!/kotlin/U
nit.class
exception:                   
      synth = false
exception:                   
      ^
exception: c:\Users\Usuario\A
ppData\Local\Pub\Cache\hosted
\pub.dev\flutter_tts-4.2.5\an
droid\src\main\kotlin\com\eye
deadevelopment\fluttertts\Flu
tterTtsPlugin.kt:191:21: 
error: class 'kotlin.Unit' 
was compiled with an 
incompatible version of 
Kotlin. The actual metadata 
version is 2.2.0, but the 
compiler version 1.9.0 can 
read versions up to 2.0.0.
exception: the class is 
loaded from C:/Users/Usuario/
.gradle/caches/transforms-4/9
dfd7fc35cb992d583a986c2638319
0c/transformed/jetified-kotli
n-stdlib-2.2.20.jar!/kotlin/U
nit.class
exception:                   
  invokeMethod("synth.onError
", "Error from TextToSpeech 
(synth) - $errorCode")
exception:                   
  ^
exception: c:\Users\Usuario\A
ppData\Local\Pub\Cache\hosted
\pub.dev\flutter_tts-4.2.5\an
droid\src\main\kotlin\com\eye
deadevelopment\fluttertts\Flu
tterTtsPlugin.kt:194:25: 
error: class 'kotlin.Unit' 
was compiled with an 
incompatible version of 
Kotlin. The actual metadata 
version is 2.2.0, but the 
compiler version 1.9.0 can 
read versions up to 2.0.0.
exception: the class is 
loaded from C:/Users/Usuario/
.gradle/caches/transforms-4/9
dfd7fc35cb992d583a986c2638319
0c/transformed/jetified-kotli
n-stdlib-2.2.20.jar!/kotlin/U
nit.class
exception:                   
      speaking = false
exception:                   
      ^
exception: c:\Users\Usuario\A
ppData\Local\Pub\Cache\hosted
\pub.dev\flutter_tts-4.2.5\an
droid\src\main\kotlin\com\eye
deadevelopment\fluttertts\Flu
tterTtsPlugin.kt:196:21: 
error: class 'kotlin.Unit' 
was compiled with an 
incompatible version of 
Kotlin. The actual metadata 
version is 2.2.0, but the 
compiler version 1.9.0 can 
read versions up to 2.0.0.
exception: the class is 
loaded from C:/Users/Usuario/
.gradle/caches/transforms-4/9
dfd7fc35cb992d583a986c2638319
0c/transformed/jetified-kotli
n-stdlib-2.2.20.jar!/kotlin/U
nit.class
exception:                   
  invokeMethod("speak.onError
", "Error from TextToSpeech 
(speak) - $errorCode")
exception:                   
  ^
exception: c:\Users\Usuario\A
ppData\Local\Pub\Cache\hosted
\pub.dev\flutter_tts-4.2.5\an
droid\src\main\kotlin\com\eye
deadevelopment\fluttertts\Flu
tterTtsPlugin.kt:202:9: 
error: class 'kotlin.Unit' 
was compiled with an 
incompatible version of 
Kotlin. The actual metadata 
version is 2.2.0, but the 
compiler version 1.9.0 can 
read versions up to 2.0.0.
exception: the class is 
loaded from C:/Users/Usuario/
.gradle/caches/transforms-4/9
dfd7fc35cb992d583a986c2638319
0c/transformed/jetified-kotli
n-stdlib-2.2.20.jar!/kotlin/U
nit.class
exception:         speaking 
= false
exception:         ^
exception: c:\Users\Usuario\A
ppData\Local\Pub\Cache\hosted
\pub.dev\flutter_tts-4.2.5\an
droid\src\main\kotlin\com\eye
deadevelopment\fluttertts\Flu
tterTtsPlugin.kt:204:26: 
error: class 'kotlin.Unit' 
was compiled with an 
incompatible version of 
Kotlin. The actual metadata 
version is 2.2.0, but the 
compiler version 1.9.0 can 
read versions up to 2.0.0.
exception: the class is 
loaded from C:/Users/Usuario/
.gradle/caches/transforms-4/9
dfd7fc35cb992d583a986c2638319
0c/transformed/jetified-kotli
n-stdlib-2.2.20.jar!/kotlin/U
nit.class
exception:             
speakResult?.success(success)
exception:                   
       ^
exception: c:\Users\Usuario\A
ppData\Local\Pub\Cache\hosted
\pub.dev\flutter_tts-4.2.5\an
droid\src\main\kotlin\com\eye
deadevelopment\fluttertts\Flu
tterTtsPlugin.kt:205:13: 
error: class 'kotlin.Unit' 
was compiled with an 
incompatible version of 
Kotlin. The actual metadata 
version is 2.2.0, but the 
compiler version 1.9.0 can 
read versions up to 2.0.0.
exception: the class is 
loaded from C:/Users/Usuario/
.gradle/caches/transforms-4/9
dfd7fc35cb992d583a986c2638319
0c/transformed/jetified-kotli
n-stdlib-2.2.20.jar!/kotlin/U
nit.class
exception:             
speakResult = null
exception:             ^
exception: c:\Users\Usuario\A
ppData\Local\Pub\Cache\hosted
\pub.dev\flutter_tts-4.2.5\an
droid\src\main\kotlin\com\eye
deadevelopment\fluttertts\Flu
tterTtsPlugin.kt:210:9: 
error: class 'kotlin.Unit' 
was compiled with an 
incompatible version of 
Kotlin. The actual metadata 
version is 2.2.0, but the 
compiler version 1.9.0 can 
read versions up to 2.0.0.
exception: the class is 
loaded from C:/Users/Usuario/
.gradle/caches/transforms-4/9
dfd7fc35cb992d583a986c2638319
0c/transformed/jetified-kotli
n-stdlib-2.2.20.jar!/kotlin/U
nit.class
exception:         synth = 
false
exception:         ^
exception: c:\Users\Usuario\A
ppData\Local\Pub\Cache\hosted
\pub.dev\flutter_tts-4.2.5\an
droid\src\main\kotlin\com\eye
deadevelopment\fluttertts\Flu
tterTtsPlugin.kt:212:26: 
error: class 'kotlin.Unit' 
was compiled with an 
incompatible version of 
Kotlin. The actual metadata 
version is 2.2.0, but the 
compiler version 1.9.0 can 
read versions up to 2.0.0.
exception: the class is 
loaded from C:/Users/Usuario/
.gradle/caches/transforms-4/9
dfd7fc35cb992d583a986c2638319
0c/transformed/jetified-kotli
n-stdlib-2.2.20.jar!/kotlin/U
nit.class
exception:             
synthResult?.success(success)
exception:                   
       ^
exception: c:\Users\Usuario\A
ppData\Local\Pub\Cache\hosted
\pub.dev\flutter_tts-4.2.5\an
droid\src\main\kotlin\com\eye
deadevelopment\fluttertts\Flu
tterTtsPlugin.kt:213:13: 
error: class 'kotlin.Unit' 
was compiled with an 
incompatible version of 
Kotlin. The actual metadata 
version is 2.2.0, but the 
compiler version 1.9.0 can 
read versions up to 2.0.0.
exception: the class is 
loaded from C:/Users/Usuario/
.gradle/caches/transforms-4/9
dfd7fc35cb992d583a986c2638319
0c/transformed/jetified-kotli
n-stdlib-2.2.20.jar!/kotlin/U
nit.class
exception:             
synthResult = null
exception:             ^
exception: c:\Users\Usuario\A
ppData\Local\Pub\Cache\hosted
\pub.dev\flutter_tts-4.2.5\an
droid\src\main\kotlin\com\eye
deadevelopment\fluttertts\Flu
tterTtsPlugin.kt:220:13: 
error: unresolved reference: 
synchronized
exception:             synchr
onized(this@FlutterTtsPlugin)
 {
exception:             ^
exception: c:\Users\Usuario\A
ppData\Local\Pub\Cache\hosted
\pub.dev\flutter_tts-4.2.5\an
droid\src\main\kotlin\com\eye
deadevelopment\fluttertts\Flu
tterTtsPlugin.kt:221:17: 
error: class 'kotlin.Unit' 
was compiled with an 
incompatible version of 
Kotlin. The actual metadata 
version is 2.2.0, but the 
compiler version 1.9.0 can 
read versions up to 2.0.0.
exception: the class is 
loaded from C:/Users/Usuario/
.gradle/caches/transforms-4/9
dfd7fc35cb992d583a986c2638319
0c/transformed/jetified-kotli
n-stdlib-2.2.20.jar!/kotlin/U
nit.class
exception:                 
ttsStatus = status
exception:                 ^
exception: c:\Users\Usuario\A
ppData\Local\Pub\Cache\hosted
\pub.dev\flutter_tts-4.2.5\an
droid\src\main\kotlin\com\eye
deadevelopment\fluttertts\Flu
tterTtsPlugin.kt:228:13: 
error: class 'kotlin.Unit' 
was compiled with an 
incompatible version of 
Kotlin. The actual metadata 
version is 2.2.0, but the 
compiler version 1.9.0 can 
read versions up to 2.0.0.
exception: the class is 
loaded from C:/Users/Usuario/
.gradle/caches/transforms-4/9
dfd7fc35cb992d583a986c2638319
0c/transformed/jetified-kotli
n-stdlib-2.2.20.jar!/kotlin/U
nit.class
exception:             if 
(status == 
TextToSpeech.SUCCESS) {
exception:             ^
exception: c:\Users\Usuario\A
ppData\Local\Pub\Cache\hosted
\pub.dev\flutter_tts-4.2.5\an
droid\src\main\kotlin\com\eye
deadevelopment\fluttertts\Flu
tterTtsPlugin.kt:230:17: 
error: class 'kotlin.Unit' 
was compiled with an 
incompatible version of 
Kotlin. The actual metadata 
version is 2.2.0, but the 
compiler version 1.9.0 can 
read versions up to 2.0.0.
exception: the class is 
loaded from C:/Users/Usuario/
.gradle/caches/transforms-4/9
dfd7fc35cb992d583a986c2638319
0c/transformed/jetified-kotli
n-stdlib-2.2.20.jar!/kotlin/U
nit.class
exception:                 
try {
exception:                 ^
exception: c:\Users\Usuario\A
ppData\Local\Pub\Cache\hosted
\pub.dev\flutter_tts-4.2.5\an
droid\src\main\kotlin\com\eye
deadevelopment\fluttertts\Flu
tterTtsPlugin.kt:233:31: 
error: class 'kotlin.Unit' 
was compiled with an 
incompatible version of 
Kotlin. The actual metadata 
version is 2.2.0, but the 
compiler version 1.9.0 can 
read versions up to 2.0.0.
exception: the class is 
loaded from C:/Users/Usuario/
.gradle/caches/transforms-4/9
dfd7fc35cb992d583a986c2638319
0c/transformed/jetified-kotli
n-stdlib-2.2.20.jar!/kotlin/U
nit.class
exception:                   
      tts!!.language = locale
exception:                   
            ^
exception: c:\Users\Usuario\A
ppData\Local\Pub\Cache\hosted
\pub.dev\flutter_tts-4.2.5\an
droid\src\main\kotlin\com\eye
deadevelopment\fluttertts\Flu
tterTtsPlugin.kt:236:25: 
error: class 'kotlin.Unit' 
was compiled with an 
incompatible version of 
Kotlin. The actual metadata 
version is 2.2.0, but the 
compiler version 1.9.0 can 
read versions up to 2.0.0.
exception: the class is 
loaded from C:/Users/Usuario/
.gradle/caches/transforms-4/9
dfd7fc35cb992d583a986c2638319
0c/transformed/jetified-kotli
n-stdlib-2.2.20.jar!/kotlin/U
nit.class
exception:                   
  Log.e(tag, 
"getDefaultLocale: " + 
e.message)
exception:                   
      ^
exception: c:\Users\Usuario\A
ppData\Local\Pub\Cache\hosted
\pub.dev\flutter_tts-4.2.5\an
droid\src\main\kotlin\com\eye
deadevelopment\fluttertts\Flu
tterTtsPlugin.kt:238:25: 
error: class 'kotlin.Unit' 
was compiled with an 
incompatible version of 
Kotlin. The actual metadata 
version is 2.2.0, but the 
compiler version 1.9.0 can 
read versions up to 2.0.0.
exception: the class is 
loaded from C:/Users/Usuario/
.gradle/caches/transforms-4/9
dfd7fc35cb992d583a986c2638319
0c/transformed/jetified-kotli
n-stdlib-2.2.20.jar!/kotlin/U
nit.class
exception:                   
  Log.e(tag, 
"getDefaultLocale: " + 
e.message)
exception:                   
      ^
exception: c:\Users\Usuario\A
ppData\Local\Pub\Cache\hosted
\pub.dev\flutter_tts-4.2.5\an
droid\src\main\kotlin\com\eye
deadevelopment\fluttertts\Flu
tterTtsPlugin.kt:241:32: 
error: class 'kotlin.Unit' 
was compiled with an 
incompatible version of 
Kotlin. The actual metadata 
version is 2.2.0, but the 
compiler version 1.9.0 can 
read versions up to 2.0.0.
exception: the class is 
loaded from C:/Users/Usuario/
.gradle/caches/transforms-4/9
dfd7fc35cb992d583a986c2638319
0c/transformed/jetified-kotli
n-stdlib-2.2.20.jar!/kotlin/U
nit.class
exception:                 
engineResult!!.success(1)
exception:                   
             ^
exception: c:\Users\Usuario\A
ppData\Local\Pub\Cache\hosted
\pub.dev\flutter_tts-4.2.5\an
droid\src\main\kotlin\com\eye
deadevelopment\fluttertts\Flu
tterTtsPlugin.kt:243:32: 
error: class 'kotlin.Unit' 
was compiled with an 
incompatible version of 
Kotlin. The actual metadata 
version is 2.2.0, but the 
compiler version 1.9.0 can 
read versions up to 2.0.0.
exception: the class is 
loaded from C:/Users/Usuario/
.gradle/caches/transforms-4/9
dfd7fc35cb992d583a986c2638319
0c/transformed/jetified-kotli
n-stdlib-2.2.20.jar!/kotlin/U
nit.class
exception:                 en
gineResult!!.error("TtsError"
,"Failed to initialize 
TextToSpeech with status: 
$status", null)
exception:                   
             ^
exception: c:\Users\Usuario\A
ppData\Local\Pub\Cache\hosted
\pub.dev\flutter_tts-4.2.5\an
droid\src\main\kotlin\com\eye
deadevelopment\fluttertts\Flu
tterTtsPlugin.kt:251:13: 
error: unresolved reference: 
synchronized
exception:             synchr
onized(this@FlutterTtsPlugin)
 {
exception:             ^
exception: c:\Users\Usuario\A
ppData\Local\Pub\Cache\hosted
\pub.dev\flutter_tts-4.2.5\an
droid\src\main\kotlin\com\eye
deadevelopment\fluttertts\Flu
tterTtsPlugin.kt:252:17: 
error: class 'kotlin.Unit' 
was compiled with an 
incompatible version of 
Kotlin. The actual metadata 
version is 2.2.0, but the 
compiler version 1.9.0 can 
read versions up to 2.0.0.
exception: the class is 
loaded from C:/Users/Usuario/
.gradle/caches/transforms-4/9
dfd7fc35cb992d583a986c2638319
0c/transformed/jetified-kotli
n-stdlib-2.2.20.jar!/kotlin/U
nit.class
exception:                 
ttsStatus = status
exception:                 ^
exception: c:\Users\Usuario\A
ppData\Local\Pub\Cache\hosted
\pub.dev\flutter_tts-4.2.5\an
droid\src\main\kotlin\com\eye
deadevelopment\fluttertts\Flu
tterTtsPlugin.kt:259:13: 
error: class 'kotlin.Unit' 
was compiled with an 
incompatible version of 
Kotlin. The actual metadata 
version is 2.2.0, but the 
compiler version 1.9.0 can 
read versions up to 2.0.0.
exception: the class is 
loaded from C:/Users/Usuario/
.gradle/caches/transforms-4/9
dfd7fc35cb992d583a986c2638319
0c/transformed/jetified-kotli
n-stdlib-2.2.20.jar!/kotlin/U
nit.class
exception:             if 
(status == 
TextToSpeech.SUCCESS) {
exception:             ^
exception: c:\Users\Usuario\A
ppData\Local\Pub\Cache\hosted
\pub.dev\flutter_tts-4.2.5\an
droid\src\main\kotlin\com\eye
deadevelopment\fluttertts\Flu
tterTtsPlugin.kt:261:17: 
error: class 'kotlin.Unit' 
was compiled with an 
incompatible version of 
Kotlin. The actual metadata 
version is 2.2.0, but the 
compiler version 1.9.0 can 
read versions up to 2.0.0.
exception: the class is 
loaded from C:/Users/Usuario/
.gradle/caches/transforms-4/9
dfd7fc35cb992d583a986c2638319
0c/transformed/jetified-kotli
n-stdlib-2.2.20.jar!/kotlin/U
nit.class
exception:                 
try {
exception:                 ^
exception: c:\Users\Usuario\A
ppData\Local\Pub\Cache\hosted
\pub.dev\flutter_tts-4.2.5\an
droid\src\main\kotlin\com\eye
deadevelopment\fluttertts\Flu
tterTtsPlugin.kt:264:31: 
error: class 'kotlin.Unit' 
was compiled with an 
incompatible version of 
Kotlin. The actual metadata 
version is 2.2.0, but the 
compiler version 1.9.0 can 
read versions up to 2.0.0.
exception: the class is 
loaded from C:/Users/Usuario/
.gradle/caches/transforms-4/9
dfd7fc35cb992d583a986c2638319
0c/transformed/jetified-kotli
n-stdlib-2.2.20.jar!/kotlin/U
nit.class
exception:                   
      tts!!.language = locale
exception:                   
            ^
exception: c:\Users\Usuario\A
ppData\Local\Pub\Cache\hosted
\pub.dev\flutter_tts-4.2.5\an
droid\src\main\kotlin\com\eye
deadevelopment\fluttertts\Flu
tterTtsPlugin.kt:267:25: 
error: class 'kotlin.Unit' 
was compiled with an 
incompatible version of 
Kotlin. The actual metadata 
version is 2.2.0, but the 
compiler version 1.9.0 can 
read versions up to 2.0.0.
exception: the class is 
loaded from C:/Users/Usuario/
.gradle/caches/transforms-4/9
dfd7fc35cb992d583a986c2638319
0c/transformed/jetified-kotli
n-stdlib-2.2.20.jar!/kotlin/U
nit.class
exception:                   
  Log.e(tag, 
"getDefaultLocale: " + 
e.message)
exception:                   
      ^
exception: c:\Users\Usuario\A
ppData\Local\Pub\Cache\hosted
\pub.dev\flutter_tts-4.2.5\an
droid\src\main\kotlin\com\eye
deadevelopment\fluttertts\Flu
tterTtsPlugin.kt:269:25: 
error: class 'kotlin.Unit' 
was compiled with an 
incompatible version of 
Kotlin. The actual metadata 
version is 2.2.0, but the 
compiler version 1.9.0 can 
read versions up to 2.0.0.
exception: the class is 
loaded from C:/Users/Usuario/
.gradle/caches/transforms-4/9
dfd7fc35cb992d583a986c2638319
0c/transformed/jetified-kotli
n-stdlib-2.2.20.jar!/kotlin/U
nit.class
exception:                   
  Log.e(tag, 
"getDefaultLocale: " + 
e.message)
exception:                   
      ^
exception: c:\Users\Usuario\A
ppData\Local\Pub\Cache\hosted
\pub.dev\flutter_tts-4.2.5\an
droid\src\main\kotlin\com\eye
deadevelopment\fluttertts\Flu
tterTtsPlugin.kt:272:21: 
error: class 'kotlin.Unit' 
was compiled with an 
incompatible version of 
Kotlin. The actual metadata 
version is 2.2.0, but the 
compiler version 1.9.0 can 
read versions up to 2.0.0.
exception: the class is 
loaded from C:/Users/Usuario/
.gradle/caches/transforms-4/9
dfd7fc35cb992d583a986c2638319
0c/transformed/jetified-kotli
n-stdlib-2.2.20.jar!/kotlin/U
nit.class
exception:                 
Log.e(tag, "Failed to 
initialize TextToSpeech with 
status: $status")
exception:                   
  ^
exception: c:\Users\Usuario\A
ppData\Local\Pub\Cache\hosted
\pub.dev\flutter_tts-4.2.5\an
droid\src\main\kotlin\com\eye
deadevelopment\fluttertts\Flu
tterTtsPlugin.kt:278:9: 
error: unresolved reference: 
synchronized
exception:         synchroniz
ed(this@FlutterTtsPlugin) {
exception:         ^
exception: c:\Users\Usuario\A
ppData\Local\Pub\Cache\hosted
\pub.dev\flutter_tts-4.2.5\an
droid\src\main\kotlin\com\eye
deadevelopment\fluttertts\Flu
tterTtsPlugin.kt:281:48: 
error: class 'kotlin.Unit' 
was compiled with an 
incompatible version of 
Kotlin. The actual metadata 
version is 2.2.0, but the 
compiler version 1.9.0 can 
read versions up to 2.0.0.
exception: the class is 
loaded from C:/Users/Usuario/
.gradle/caches/transforms-4/9
dfd7fc35cb992d583a986c2638319
0c/transformed/jetified-kotli
n-stdlib-2.2.20.jar!/kotlin/U
nit.class
exception:                 
val suspendedCall = Runnable 
{ onMethodCall(call, result) 
}
exception:                   
                             
^
exception: c:\Users\Usuario\A
ppData\Local\Pub\Cache\hosted
\pub.dev\flutter_tts-4.2.5\an
droid\src\main\kotlin\com\eye
deadevelopment\fluttertts\Flu
tterTtsPlugin.kt:283:17: 
error: 'return' is not 
allowed here
exception:                 
return
exception:                 ^
exception: c:\Users\Usuario\A
ppData\Local\Pub\Cache\hosted
\pub.dev\flutter_tts-4.2.5\an
droid\src\main\kotlin\com\eye
deadevelopment\fluttertts\Flu
tterTtsPlugin.kt:286:9: 
error: class 'kotlin.Unit' 
was compiled with an 
incompatible version of 
Kotlin. The actual metadata 
version is 2.2.0, but the 
compiler version 1.9.0 can 
read versions up to 2.0.0.
exception: the class is 
loaded from C:/Users/Usuario/
.gradle/caches/transforms-4/9
dfd7fc35cb992d583a986c2638319
0c/transformed/jetified-kotli
n-stdlib-2.2.20.jar!/kotlin/U
nit.class
exception:         when 
(call.method) {
exception:         ^
exception: c:\Users\Usuario\A
ppData\Local\Pub\Cache\hosted
\pub.dev\flutter_tts-4.2.5\an
droid\src\main\kotlin\com\eye
deadevelopment\fluttertts\Flu
tterTtsPlugin.kt:291:21: 
error: class 'kotlin.Unit' 
was compiled with an 
incompatible version of 
Kotlin. The actual metadata 
version is 2.2.0, but the 
compiler version 1.9.0 can 
read versions up to 2.0.0.
exception: the class is 
loaded from C:/Users/Usuario/
.gradle/caches/transforms-4/9
dfd7fc35cb992d583a986c2638319
0c/transformed/jetified-kotli
n-stdlib-2.2.20.jar!/kotlin/U
nit.class
exception:                   
  pauseText = text
exception:                   
  ^
exception: c:\Users\Usuario\A
ppData\Local\Pub\Cache\hosted
\pub.dev\flutter_tts-4.2.5\an
droid\src\main\kotlin\com\eye
deadevelopment\fluttertts\Flu
tterTtsPlugin.kt:292:21: 
error: class 'kotlin.Unit' 
was compiled with an 
incompatible version of 
Kotlin. The actual metadata 
version is 2.2.0, but the 
compiler version 1.9.0 can 
read versions up to 2.0.0.
exception: the class is 
loaded from C:/Users/Usuario/
.gradle/caches/transforms-4/9
dfd7fc35cb992d583a986c2638319
0c/transformed/jetified-kotli
n-stdlib-2.2.20.jar!/kotlin/U
nit.class
exception:                   
  currentText = pauseText!!
exception:                   
  ^
exception: c:\Users\Usuario\A
ppData\Local\Pub\Cache\hosted
\pub.dev\flutter_tts-4.2.5\an
droid\src\main\kotlin\com\eye
deadevelopment\fluttertts\Flu
tterTtsPlugin.kt:296:21: 
error: class 'kotlin.Unit' 
was compiled with an 
incompatible version of 
Kotlin. The actual metadata 
version is 2.2.0, but the 
compiler version 1.9.0 can 
read versions up to 2.0.0.
exception: the class is 
loaded from C:/Users/Usuario/
.gradle/caches/transforms-4/9
dfd7fc35cb992d583a986c2638319
0c/transformed/jetified-kotli
n-stdlib-2.2.20.jar!/kotlin/U
nit.class
exception:                   
  if (currentText == text) {
exception:                   
  ^
exception: c:\Users\Usuario\A
ppData\Local\Pub\Cache\hosted
\pub.dev\flutter_tts-4.2.5\an
droid\src\main\kotlin\com\eye
deadevelopment\fluttertts\Flu
tterTtsPlugin.kt:299:25: 
error: class 'kotlin.Unit' 
was compiled with an 
incompatible version of 
Kotlin. The actual metadata 
version is 2.2.0, but the 
compiler version 1.9.0 can 
read versions up to 2.0.0.
exception: the class is 
loaded from C:/Users/Usuario/
.gradle/caches/transforms-4/9
dfd7fc35cb992d583a986c2638319
0c/transformed/jetified-kotli
n-stdlib-2.2.20.jar!/kotlin/U
nit.class
exception:                   
      pauseText = text
exception:                   
      ^
exception: c:\Users\Usuario\A
ppData\Local\Pub\Cache\hosted
\pub.dev\flutter_tts-4.2.5\an
droid\src\main\kotlin\com\eye
deadevelopment\fluttertts\Flu
tterTtsPlugin.kt:300:25: 
error: class 'kotlin.Unit' 
was compiled with an 
incompatible version of 
Kotlin. The actual metadata 
version is 2.2.0, but the 
compiler version 1.9.0 can 
read versions up to 2.0.0.
exception: the class is 
loaded from C:/Users/Usuario/
.gradle/caches/transforms-4/9
dfd7fc35cb992d583a986c2638319
0c/transformed/jetified-kotli
n-stdlib-2.2.20.jar!/kotlin/U
nit.class
exception:                   
      currentText = 
pauseText!!
exception:                   
      ^
exception: c:\Users\Usuario\A
ppData\Local\Pub\Cache\hosted
\pub.dev\flutter_tts-4.2.5\an
droid\src\main\kotlin\com\eye
deadevelopment\fluttertts\Flu
tterTtsPlugin.kt:301:25: 
error: class 'kotlin.Unit' 
was compiled with an 
incompatible version of 
Kotlin. The actual metadata 
version is 2.2.0, but the 
compiler version 1.9.0 can 
read versions up to 2.0.0.
exception: the class is 
loaded from C:/Users/Usuario/
.gradle/caches/transforms-4/9
dfd7fc35cb992d583a986c2638319
0c/transformed/jetified-kotli
n-stdlib-2.2.20.jar!/kotlin/U
nit.class
exception:                   
      lastProgress = 0
exception:                   
      ^
exception: c:\Users\Usuario\A
ppData\Local\Pub\Cache\hosted
\pub.dev\flutter_tts-4.2.5\an
droid\src\main\kotlin\com\eye
deadevelopment\fluttertts\Flu
tterTtsPlugin.kt:307:32: 
error: class 'kotlin.Unit' 
was compiled with an 
incompatible version of 
Kotlin. The actual metadata 
version is 2.2.0, but the 
compiler version 1.9.0 can 
read versions up to 2.0.0.
exception: the class is 
loaded from C:/Users/Usuario/
.gradle/caches/transforms-4/9
dfd7fc35cb992d583a986c2638319
0c/transformed/jetified-kotli
n-stdlib-2.2.20.jar!/kotlin/U
nit.class
exception:                   
      result.success(0)
exception:                   
             ^
exception: c:\Users\Usuario\A
ppData\Local\Pub\Cache\hosted
\pub.dev\flutter_tts-4.2.5\an
droid\src\main\kotlin\com\eye
deadevelopment\fluttertts\Flu
tterTtsPlugin.kt:313:21: 
error: unresolved reference: 
synchronized
exception:                   
  synchronized(this@FlutterTt
sPlugin) {
exception:                   
  ^
exception: c:\Users\Usuario\A
ppData\Local\Pub\Cache\hosted
\pub.dev\flutter_tts-4.2.5\an
droid\src\main\kotlin\com\eye
deadevelopment\fluttertts\Flu
tterTtsPlugin.kt:314:56: 
error: class 'kotlin.Unit' 
was compiled with an 
incompatible version of 
Kotlin. The actual metadata 
version is 2.2.0, but the 
compiler version 1.9.0 can 
read versions up to 2.0.0.
exception: the class is 
loaded from C:/Users/Usuario/
.gradle/caches/transforms-4/9
dfd7fc35cb992d583a986c2638319
0c/transformed/jetified-kotli
n-stdlib-2.2.20.jar!/kotlin/U
nit.class
exception:                   
      val suspendedCall = 
Runnable { 
onMethodCall(call, result) }
exception:                   
                             
        ^
exception: c:\Users\Usuario\A
ppData\Local\Pub\Cache\hosted
\pub.dev\flutter_tts-4.2.5\an
droid\src\main\kotlin\com\eye
deadevelopment\fluttertts\Flu
tterTtsPlugin.kt:320:17: 
error: class 'kotlin.Unit' 
was compiled with an 
incompatible version of 
Kotlin. The actual metadata 
version is 2.2.0, but the 
compiler version 1.9.0 can 
read versions up to 2.0.0.
exception: the class is 
loaded from C:/Users/Usuario/
.gradle/caches/transforms-4/9
dfd7fc35cb992d583a986c2638319
0c/transformed/jetified-kotli
n-stdlib-2.2.20.jar!/kotlin/U
nit.class
exception:                 
if (awaitSpeakCompletion && 
queueMode == 
TextToSpeech.QUEUE_FLUSH) {
exception:                 ^
exception: c:\Users\Usuario\A
ppData\Local\Pub\Cache\hosted
\pub.dev\flutter_tts-4.2.5\an
droid\src\main\kotlin\com\eye
deadevelopment\fluttertts\Flu
tterTtsPlugin.kt:321:21: 
error: class 'kotlin.Unit' 
was compiled with an 
incompatible version of 
Kotlin. The actual metadata 
version is 2.2.0, but the 
compiler version 1.9.0 can 
read versions up to 2.0.0.
exception: the class is 
loaded from C:/Users/Usuario/
.gradle/caches/transforms-4/9
dfd7fc35cb992d583a986c2638319
0c/transformed/jetified-kotli
n-stdlib-2.2.20.jar!/kotlin/U
nit.class
exception:                   
  speaking = true
exception:                   
  ^
exception: c:\Users\Usuario\A
ppData\Local\Pub\Cache\hosted
\pub.dev\flutter_tts-4.2.5\an
droid\src\main\kotlin\com\eye
deadevelopment\fluttertts\Flu
tterTtsPlugin.kt:322:21: 
error: class 'kotlin.Unit' 
was compiled with an 
incompatible version of 
Kotlin. The actual metadata 
version is 2.2.0, but the 
compiler version 1.9.0 can 
read versions up to 2.0.0.
exception: the class is 
loaded from C:/Users/Usuario/
.gradle/caches/transforms-4/9
dfd7fc35cb992d583a986c2638319
0c/transformed/jetified-kotli
n-stdlib-2.2.20.jar!/kotlin/U
nit.class
exception:                   
  speakResult = result
exception:                   
  ^
exception: c:\Users\Usuario\A
ppData\Local\Pub\Cache\hosted
\pub.dev\flutter_tts-4.2.5\an
droid\src\main\kotlin\com\eye
deadevelopment\fluttertts\Flu
tterTtsPlugin.kt:324:28: 
error: class 'kotlin.Unit' 
was compiled with an 
incompatible version of 
Kotlin. The actual metadata 
version is 2.2.0, but the 
compiler version 1.9.0 can 
read versions up to 2.0.0.
exception: the class is 
loaded from C:/Users/Usuario/
.gradle/caches/transforms-4/9
dfd7fc35cb992d583a986c2638319
0c/transformed/jetified-kotli
n-stdlib-2.2.20.jar!/kotlin/U
nit.class
exception:                   
  result.success(1)
exception:                   
         ^
exception: c:\Users\Usuario\A
ppData\Local\Pub\Cache\hosted
\pub.dev\flutter_tts-4.2.5\an
droid\src\main\kotlin\com\eye
deadevelopment\fluttertts\Flu
tterTtsPlugin.kt:329:17: 
error: class 'kotlin.Unit' 
was compiled with an 
incompatible version of 
Kotlin. The actual metadata 
version is 2.2.0, but the 
compiler version 1.9.0 can 
read versions up to 2.0.0.
exception: the class is 
loaded from C:/Users/Usuario/
.gradle/caches/transforms-4/9
dfd7fc35cb992d583a986c2638319
0c/transformed/jetified-kotli
n-stdlib-2.2.20.jar!/kotlin/U
nit.class
exception:                 
awaitSpeakCompletion = java.l
ang.Boolean.parseBoolean(call
.arguments.toString())
exception:                 ^
exception: c:\Users\Usuario\A
ppData\Local\Pub\Cache\hosted
\pub.dev\flutter_tts-4.2.5\an
droid\src\main\kotlin\com\eye
deadevelopment\fluttertts\Flu
tterTtsPlugin.kt:330:24: 
error: class 'kotlin.Unit' 
was compiled with an 
incompatible version of 
Kotlin. The actual metadata 
version is 2.2.0, but the 
compiler version 1.9.0 can 
read versions up to 2.0.0.
exception: the class is 
loaded from C:/Users/Usuario/
.gradle/caches/transforms-4/9
dfd7fc35cb992d583a986c2638319
0c/transformed/jetified-kotli
n-stdlib-2.2.20.jar!/kotlin/U
nit.class
exception:                 
result.success(1)
exception:                   
     ^
exception: c:\Users\Usuario\A
ppData\Local\Pub\Cache\hosted
\pub.dev\flutter_tts-4.2.5\an
droid\src\main\kotlin\com\eye
deadevelopment\fluttertts\Flu
tterTtsPlugin.kt:334:17: 
error: class 'kotlin.Unit' 
was compiled with an 
incompatible version of 
Kotlin. The actual metadata 
version is 2.2.0, but the 
compiler version 1.9.0 can 
read versions up to 2.0.0.
exception: the class is 
loaded from C:/Users/Usuario/
.gradle/caches/transforms-4/9
dfd7fc35cb992d583a986c2638319
0c/transformed/jetified-kotli
n-stdlib-2.2.20.jar!/kotlin/U
nit.class
exception:                 
awaitSynthCompletion = java.l
ang.Boolean.parseBoolean(call
.arguments.toString())
exception:                 ^
exception: c:\Users\Usuario\A
ppData\Local\Pub\Cache\hosted
\pub.dev\flutter_tts-4.2.5\an
droid\src\main\kotlin\com\eye
deadevelopment\fluttertts\Flu
tterTtsPlugin.kt:335:24: 
error: class 'kotlin.Unit' 
was compiled with an 
incompatible version of 
Kotlin. The actual metadata 
version is 2.2.0, but the 
compiler version 1.9.0 can 
read versions up to 2.0.0.
exception: the class is 
loaded from C:/Users/Usuario/
.gradle/caches/transforms-4/9
dfd7fc35cb992d583a986c2638319
0c/transformed/jetified-kotli
n-stdlib-2.2.20.jar!/kotlin/U
nit.class
exception:                 
result.success(1)
exception:                   
     ^
exception: c:\Users\Usuario\A
ppData\Local\Pub\Cache\hosted
\pub.dev\flutter_tts-4.2.5\an
droid\src\main\kotlin\com\eye
deadevelopment\fluttertts\Flu
tterTtsPlugin.kt:340:24: 
error: class 'kotlin.Unit' 
was compiled with an 
incompatible version of 
Kotlin. The actual metadata 
version is 2.2.0, but the 
compiler version 1.9.0 can 
read versions up to 2.0.0.
exception: the class is 
loaded from C:/Users/Usuario/
.gradle/caches/transforms-4/9
dfd7fc35cb992d583a986c2638319
0c/transformed/jetified-kotli
n-stdlib-2.2.20.jar!/kotlin/U
nit.class
exception:                 
result.success(res)
exception:                   
     ^
exception: c:\Users\Usuario\A
ppData\Local\Pub\Cache\hosted
\pub.dev\flutter_tts-4.2.5\an
droid\src\main\kotlin\com\eye
deadevelopment\fluttertts\Flu
tterTtsPlugin.kt:346:28: 
error: class 'kotlin.Unit' 
was compiled with an 
incompatible version of 
Kotlin. The actual metadata 
version is 2.2.0, but the 
compiler version 1.9.0 can 
read versions up to 2.0.0.
exception: the class is 
loaded from C:/Users/Usuario/
.gradle/caches/transforms-4/9
dfd7fc35cb992d583a986c2638319
0c/transformed/jetified-kotli
n-stdlib-2.2.20.jar!/kotlin/U
nit.class
exception:                   
  result.success(0)
exception:                   
         ^
exception: c:\Users\Usuario\A
ppData\Local\Pub\Cache\hosted
\pub.dev\flutter_tts-4.2.5\an
droid\src\main\kotlin\com\eye
deadevelopment\fluttertts\Flu
tterTtsPlugin.kt:351:17: 
error: class 'kotlin.Unit' 
was compiled with an 
incompatible version of 
Kotlin. The actual metadata 
version is 2.2.0, but the 
compiler version 1.9.0 can 
read versions up to 2.0.0.
exception: the class is 
loaded from C:/Users/Usuario/
.gradle/caches/transforms-4/9
dfd7fc35cb992d583a986c2638319
0c/transformed/jetified-kotli
n-stdlib-2.2.20.jar!/kotlin/U
nit.class
exception:                 
synthesizeToFile(text!!, 
fileName!!, isFullPath!!)
exception:                 ^
exception: c:\Users\Usuario\A
ppData\Local\Pub\Cache\hosted
\pub.dev\flutter_tts-4.2.5\an
droid\src\main\kotlin\com\eye
deadevelopment\fluttertts\Flu
tterTtsPlugin.kt:352:17: 
error: class 'kotlin.Unit' 
was compiled with an 
incompatible version of 
Kotlin. The actual metadata 
version is 2.2.0, but the 
compiler version 1.9.0 can 
read versions up to 2.0.0.
exception: the class is 
loaded from C:/Users/Usuario/
.gradle/caches/transforms-4/9
dfd7fc35cb992d583a986c2638319
0c/transformed/jetified-kotli
n-stdlib-2.2.20.jar!/kotlin/U
nit.class
exception:                 
if (awaitSynthCompletion) {
exception:                 ^
exception: c:\Users\Usuario\A
ppData\Local\Pub\Cache\hosted
\pub.dev\flutter_tts-4.2.5\an
droid\src\main\kotlin\com\eye
deadevelopment\fluttertts\Flu
tterTtsPlugin.kt:353:21: 
error: class 'kotlin.Unit' 
was compiled with an 
incompatible version of 
Kotlin. The actual metadata 
version is 2.2.0, but the 
compiler version 1.9.0 can 
read versions up to 2.0.0.
exception: the class is 
loaded from C:/Users/Usuario/
.gradle/caches/transforms-4/9
dfd7fc35cb992d583a986c2638319
0c/transformed/jetified-kotli
n-stdlib-2.2.20.jar!/kotlin/U
nit.class
exception:                   
  synth = true
exception:                   
  ^
exception: c:\Users\Usuario\A
ppData\Local\Pub\Cache\hosted
\pub.dev\flutter_tts-4.2.5\an
droid\src\main\kotlin\com\eye
deadevelopment\fluttertts\Flu
tterTtsPlugin.kt:354:21: 
error: class 'kotlin.Unit' 
was compiled with an 
incompatible version of 
Kotlin. The actual metadata 
version is 2.2.0, but the 
compiler version 1.9.0 can 
read versions up to 2.0.0.
exception: the class is 
loaded from C:/Users/Usuario/
.gradle/caches/transforms-4/9
dfd7fc35cb992d583a986c2638319
0c/transformed/jetified-kotli
n-stdlib-2.2.20.jar!/kotlin/U
nit.class
exception:                   
  synthResult = result
exception:                   
  ^
exception: c:\Users\Usuario\A
ppData\Local\Pub\Cache\hosted
\pub.dev\flutter_tts-4.2.5\an
droid\src\main\kotlin\com\eye
deadevelopment\fluttertts\Flu
tterTtsPlugin.kt:356:28: 
error: class 'kotlin.Unit' 
was compiled with an 
incompatible version of 
Kotlin. The actual metadata 
version is 2.2.0, but the 
compiler version 1.9.0 can 
read versions up to 2.0.0.
exception: the class is 
loaded from C:/Users/Usuario/
.gradle/caches/transforms-4/9
dfd7fc35cb992d583a986c2638319
0c/transformed/jetified-kotli
n-stdlib-2.2.20.jar!/kotlin/U
nit.class
exception:                   
  result.success(1)
exception:                   
         ^
exception: c:\Users\Usuario\A
ppData\Local\Pub\Cache\hosted
\pub.dev\flutter_tts-4.2.5\an
droid\src\main\kotlin\com\eye
deadevelopment\fluttertts\Flu
tterTtsPlugin.kt:361:17: 
error: class 'kotlin.Unit' 
was compiled with an 
incompatible version of 
Kotlin. The actual metadata 
version is 2.2.0, but the 
compiler version 1.9.0 can 
read versions up to 2.0.0.
exception: the class is 
loaded from C:/Users/Usuario/
.gradle/caches/transforms-4/9
dfd7fc35cb992d583a986c2638319
0c/transformed/jetified-kotli
n-stdlib-2.2.20.jar!/kotlin/U
nit.class
exception:                 
isPaused = true
exception:                 ^
exception: c:\Users\Usuario\A
ppData\Local\Pub\Cache\hosted
\pub.dev\flutter_tts-4.2.5\an
droid\src\main\kotlin\com\eye
deadevelopment\fluttertts\Flu
tterTtsPlugin.kt:363:21: 
error: class 'kotlin.Unit' 
was compiled with an 
incompatible version of 
Kotlin. The actual metadata 
version is 2.2.0, but the 
compiler version 1.9.0 can 
read versions up to 2.0.0.
exception: the class is 
loaded from C:/Users/Usuario/
.gradle/caches/transforms-4/9
dfd7fc35cb992d583a986c2638319
0c/transformed/jetified-kotli
n-stdlib-2.2.20.jar!/kotlin/U
nit.class
exception:                   
  pauseText = pauseText!!.sub
string(lastProgress)
exception:                   
  ^
exception: c:\Users\Usuario\A
ppData\Local\Pub\Cache\hosted
\pub.dev\flutter_tts-4.2.5\an
droid\src\main\kotlin\com\eye
deadevelopment\fluttertts\Flu
tterTtsPlugin.kt:363:45: 
error: unresolved reference: 
substring
exception:                   
  pauseText = pauseText!!.sub
string(lastProgress)
exception:                   
                          ^
exception: c:\Users\Usuario\A
ppData\Local\Pub\Cache\hosted
\pub.dev\flutter_tts-4.2.5\an
droid\src\main\kotlin\com\eye
deadevelopment\fluttertts\Flu
tterTtsPlugin.kt:365:17: 
error: class 'kotlin.Unit' 
was compiled with an 
incompatible version of 
Kotlin. The actual metadata 
version is 2.2.0, but the 
compiler version 1.9.0 can 
read versions up to 2.0.0.
exception: the class is 
loaded from C:/Users/Usuario/
.gradle/caches/transforms-4/9
dfd7fc35cb992d583a986c2638319
0c/transformed/jetified-kotli
n-stdlib-2.2.20.jar!/kotlin/U
nit.class
exception:                 
stop()
exception:                 ^
exception: c:\Users\Usuario\A
ppData\Local\Pub\Cache\hosted
\pub.dev\flutter_tts-4.2.5\an
droid\src\main\kotlin\com\eye
deadevelopment\fluttertts\Flu
tterTtsPlugin.kt:366:24: 
error: class 'kotlin.Unit' 
was compiled with an 
incompatible version of 
Kotlin. The actual metadata 
version is 2.2.0, but the 
compiler version 1.9.0 can 
read versions up to 2.0.0.
exception: the class is 
loaded from C:/Users/Usuario/
.gradle/caches/transforms-4/9
dfd7fc35cb992d583a986c2638319
0c/transformed/jetified-kotli
n-stdlib-2.2.20.jar!/kotlin/U
nit.class
exception:                 
result.success(1)
exception:                   
     ^
exception: c:\Users\Usuario\A
ppData\Local\Pub\Cache\hosted
\pub.dev\flutter_tts-4.2.5\an
droid\src\main\kotlin\com\eye
deadevelopment\fluttertts\Flu
tterTtsPlugin.kt:368:35: 
error: class 'kotlin.Unit' 
was compiled with an 
incompatible version of 
Kotlin. The actual metadata 
version is 2.2.0, but the 
compiler version 1.9.0 can 
read versions up to 2.0.0.
exception: the class is 
loaded from C:/Users/Usuario/
.gradle/caches/transforms-4/9
dfd7fc35cb992d583a986c2638319
0c/transformed/jetified-kotli
n-stdlib-2.2.20.jar!/kotlin/U
nit.class
exception:                   
  speakResult!!.success(0)
exception:                   
                ^
exception: c:\Users\Usuario\A
ppData\Local\Pub\Cache\hosted
\pub.dev\flutter_tts-4.2.5\an
droid\src\main\kotlin\com\eye
deadevelopment\fluttertts\Flu
tterTtsPlugin.kt:369:21: 
error: class 'kotlin.Unit' 
was compiled with an 
incompatible version of 
Kotlin. The actual metadata 
version is 2.2.0, but the 
compiler version 1.9.0 can 
read versions up to 2.0.0.
exception: the class is 
loaded from C:/Users/Usuario/
.gradle/caches/transforms-4/9
dfd7fc35cb992d583a986c2638319
0c/transformed/jetified-kotli
n-stdlib-2.2.20.jar!/kotlin/U
nit.class
exception:                   
  speakResult = null
exception:                   
  ^
exception: c:\Users\Usuario\A
ppData\Local\Pub\Cache\hosted
\pub.dev\flutter_tts-4.2.5\an
droid\src\main\kotlin\com\eye
deadevelopment\fluttertts\Flu
tterTtsPlugin.kt:374:17: 
error: class 'kotlin.Unit' 
was compiled with an 
incompatible version of 
Kotlin. The actual metadata 
version is 2.2.0, but the 
compiler version 1.9.0 can 
read versions up to 2.0.0.
exception: the class is 
loaded from C:/Users/Usuario/
.gradle/caches/transforms-4/9
dfd7fc35cb992d583a986c2638319
0c/transformed/jetified-kotli
n-stdlib-2.2.20.jar!/kotlin/U
nit.class
exception:                 
isPaused = false
exception:                 ^
exception: c:\Users\Usuario\A
ppData\Local\Pub\Cache\hosted
\pub.dev\flutter_tts-4.2.5\an
droid\src\main\kotlin\com\eye
deadevelopment\fluttertts\Flu
tterTtsPlugin.kt:375:17: 
error: class 'kotlin.Unit' 
was compiled with an 
incompatible version of 
Kotlin. The actual metadata 
version is 2.2.0, but the 
compiler version 1.9.0 can 
read versions up to 2.0.0.
exception: the class is 
loaded from C:/Users/Usuario/
.gradle/caches/transforms-4/9
dfd7fc35cb992d583a986c2638319
0c/transformed/jetified-kotli
n-stdlib-2.2.20.jar!/kotlin/U
nit.class
exception:                 
pauseText = null
exception:                 ^
exception: c:\Users\Usuario\A
ppData\Local\Pub\Cache\hosted
\pub.dev\flutter_tts-4.2.5\an
droid\src\main\kotlin\com\eye
deadevelopment\fluttertts\Flu
tterTtsPlugin.kt:376:17: 
error: class 'kotlin.Unit' 
was compiled with an 
incompatible version of 
Kotlin. The actual metadata 
version is 2.2.0, but the 
compiler version 1.9.0 can 
read versions up to 2.0.0.
exception: the class is 
loaded from C:/Users/Usuario/
.gradle/caches/transforms-4/9
dfd7fc35cb992d583a986c2638319
0c/transformed/jetified-kotli
n-stdlib-2.2.20.jar!/kotlin/U
nit.class
exception:                 
stop()
exception:                 ^
exception: c:\Users\Usuario\A
ppData\Local\Pub\Cache\hosted
\pub.dev\flutter_tts-4.2.5\an
droid\src\main\kotlin\com\eye
deadevelopment\fluttertts\Flu
tterTtsPlugin.kt:377:17: 
error: class 'kotlin.Unit' 
was compiled with an 
incompatible version of 
Kotlin. The actual metadata 
version is 2.2.0, but the 
compiler version 1.9.0 can 
read versions up to 2.0.0.
exception: the class is 
loaded from C:/Users/Usuario/
.gradle/caches/transforms-4/9
dfd7fc35cb992d583a986c2638319
0c/transformed/jetified-kotli
n-stdlib-2.2.20.jar!/kotlin/U
nit.class
exception:                 
lastProgress = 0
exception:                 ^
exception: c:\Users\Usuario\A
ppData\Local\Pub\Cache\hosted
\pub.dev\flutter_tts-4.2.5\an
droid\src\main\kotlin\com\eye
deadevelopment\fluttertts\Flu
tterTtsPlugin.kt:378:24: 
error: class 'kotlin.Unit' 
was compiled with an 
incompatible version of 
Kotlin. The actual metadata 
version is 2.2.0, but the 
compiler version 1.9.0 can 
read versions up to 2.0.0.
exception: the class is 
loaded from C:/Users/Usuario/
.gradle/caches/transforms-4/9
dfd7fc35cb992d583a986c2638319
0c/transformed/jetified-kotli
n-stdlib-2.2.20.jar!/kotlin/U
nit.class
exception:                 
result.success(1)
exception:                   
     ^
exception: c:\Users\Usuario\A
ppData\Local\Pub\Cache\hosted
\pub.dev\flutter_tts-4.2.5\an
droid\src\main\kotlin\com\eye
deadevelopment\fluttertts\Flu
tterTtsPlugin.kt:380:35: 
error: class 'kotlin.Unit' 
was compiled with an 
incompatible version of 
Kotlin. The actual metadata 
version is 2.2.0, but the 
compiler version 1.9.0 can 
read versions up to 2.0.0.
exception: the class is 
loaded from C:/Users/Usuario/
.gradle/caches/transforms-4/9
dfd7fc35cb992d583a986c2638319
0c/transformed/jetified-kotli
n-stdlib-2.2.20.jar!/kotlin/U
nit.class
exception:                   
  speakResult!!.success(0)
exception:                   
                ^
exception: c:\Users\Usuario\A
ppData\Local\Pub\Cache\hosted
\pub.dev\flutter_tts-4.2.5\an
droid\src\main\kotlin\com\eye
deadevelopment\fluttertts\Flu
tterTtsPlugin.kt:381:21: 
error: class 'kotlin.Unit' 
was compiled with an 
incompatible version of 
Kotlin. The actual metadata 
version is 2.2.0, but the 
compiler version 1.9.0 can 
read versions up to 2.0.0.
exception: the class is 
loaded from C:/Users/Usuario/
.gradle/caches/transforms-4/9
dfd7fc35cb992d583a986c2638319
0c/transformed/jetified-kotli
n-stdlib-2.2.20.jar!/kotlin/U
nit.class
exception:                   
  speakResult = null
exception:                   
  ^
exception: c:\Users\Usuario\A
ppData\Local\Pub\Cache\hosted
\pub.dev\flutter_tts-4.2.5\an
droid\src\main\kotlin\com\eye
deadevelopment\fluttertts\Flu
tterTtsPlugin.kt:387:17: 
error: class 'kotlin.Unit' 
was compiled with an 
incompatible version of 
Kotlin. The actual metadata 
version is 2.2.0, but the 
compiler version 1.9.0 can 
read versions up to 2.0.0.
exception: the class is 
loaded from C:/Users/Usuario/
.gradle/caches/transforms-4/9
dfd7fc35cb992d583a986c2638319
0c/transformed/jetified-kotli
n-stdlib-2.2.20.jar!/kotlin/U
nit.class
exception:                 
setEngine(engine, result)
exception:                 ^
exception: c:\Users\Usuario\A
ppData\Local\Pub\Cache\hosted
\pub.dev\flutter_tts-4.2.5\an
droid\src\main\kotlin\com\eye
deadevelopment\fluttertts\Flu
tterTtsPlugin.kt:394:17: 
error: class 'kotlin.Unit' 
was compiled with an 
incompatible version of 
Kotlin. The actual metadata 
version is 2.2.0, but the 
compiler version 1.9.0 can 
read versions up to 2.0.0.
exception: the class is 
loaded from C:/Users/Usuario/
.gradle/caches/transforms-4/9
dfd7fc35cb992d583a986c2638319
0c/transformed/jetified-kotli
n-stdlib-2.2.20.jar!/kotlin/U
nit.class
exception:                 
setSpeechRate(rate.toFloat() 
* 2.0f)
exception:                 ^
exception: c:\Users\Usuario\A
ppData\Local\Pub\Cache\hosted
\pub.dev\flutter_tts-4.2.5\an
droid\src\main\kotlin\com\eye
deadevelopment\fluttertts\Flu
tterTtsPlugin.kt:394:36: 
error: unresolved reference: 
toFloat
exception:                 
setSpeechRate(rate.toFloat() 
* 2.0f)
exception:                   
                 ^
exception: c:\Users\Usuario\A
ppData\Local\Pub\Cache\hosted
\pub.dev\flutter_tts-4.2.5\an
droid\src\main\kotlin\com\eye
deadevelopment\fluttertts\Flu
tterTtsPlugin.kt:395:24: 
error: class 'kotlin.Unit' 
was compiled with an 
incompatible version of 
Kotlin. The actual metadata 
version is 2.2.0, but the 
compiler version 1.9.0 can 
read versions up to 2.0.0.
exception: the class is 
loaded from C:/Users/Usuario/
.gradle/caches/transforms-4/9
dfd7fc35cb992d583a986c2638319
0c/transformed/jetified-kotli
n-stdlib-2.2.20.jar!/kotlin/U
nit.class
exception:                 
result.success(1)
exception:                   
     ^
exception: c:\Users\Usuario\A
ppData\Local\Pub\Cache\hosted
\pub.dev\flutter_tts-4.2.5\an
droid\src\main\kotlin\com\eye
deadevelopment\fluttertts\Flu
tterTtsPlugin.kt:400:17: 
error: class 'kotlin.Unit' 
was compiled with an 
incompatible version of 
Kotlin. The actual metadata 
version is 2.2.0, but the 
compiler version 1.9.0 can 
read versions up to 2.0.0.
exception: the class is 
loaded from C:/Users/Usuario/
.gradle/caches/transforms-4/9
dfd7fc35cb992d583a986c2638319
0c/transformed/jetified-kotli
n-stdlib-2.2.20.jar!/kotlin/U
nit.class
exception:                 
setVolume(volume.toFloat(), 
result)
exception:                 ^
exception: c:\Users\Usuario\A
ppData\Local\Pub\Cache\hosted
\pub.dev\flutter_tts-4.2.5\an
droid\src\main\kotlin\com\eye
deadevelopment\fluttertts\Flu
tterTtsPlugin.kt:400:34: 
error: unresolved reference: 
toFloat
exception:                 
setVolume(volume.toFloat(), 
result)
exception:                   
               ^
exception: c:\Users\Usuario\A
ppData\Local\Pub\Cache\hosted
\pub.dev\flutter_tts-4.2.5\an
droid\src\main\kotlin\com\eye
deadevelopment\fluttertts\Flu
tterTtsPlugin.kt:405:17: 
error: class 'kotlin.Unit' 
was compiled with an 
incompatible version of 
Kotlin. The actual metadata 
version is 2.2.0, but the 
compiler version 1.9.0 can 
read versions up to 2.0.0.
exception: the class is 
loaded from C:/Users/Usuario/
.gradle/caches/transforms-4/9
dfd7fc35cb992d583a986c2638319
0c/transformed/jetified-kotli
n-stdlib-2.2.20.jar!/kotlin/U
nit.class
exception:                 
setPitch(pitch.toFloat(), 
result)
exception:                 ^
exception: c:\Users\Usuario\A
ppData\Local\Pub\Cache\hosted
\pub.dev\flutter_tts-4.2.5\an
droid\src\main\kotlin\com\eye
deadevelopment\fluttertts\Flu
tterTtsPlugin.kt:405:32: 
error: unresolved reference: 
toFloat
exception:                 
setPitch(pitch.toFloat(), 
result)
exception:                   
             ^
exception: c:\Users\Usuario\A
ppData\Local\Pub\Cache\hosted
\pub.dev\flutter_tts-4.2.5\an
droid\src\main\kotlin\com\eye
deadevelopment\fluttertts\Flu
tterTtsPlugin.kt:410:17: 
error: class 'kotlin.Unit' 
was compiled with an 
incompatible version of 
Kotlin. The actual metadata 
version is 2.2.0, but the 
compiler version 1.9.0 can 
read versions up to 2.0.0.
exception: the class is 
loaded from C:/Users/Usuario/
.gradle/caches/transforms-4/9
dfd7fc35cb992d583a986c2638319
0c/transformed/jetified-kotli
n-stdlib-2.2.20.jar!/kotlin/U
nit.class
exception:                 
setLanguage(language, result)
exception:                 ^
exception: c:\Users\Usuario\A
ppData\Local\Pub\Cache\hosted
\pub.dev\flutter_tts-4.2.5\an
droid\src\main\kotlin\com\eye
deadevelopment\fluttertts\Flu
tterTtsPlugin.kt:413:31: 
error: class 'kotlin.Unit' 
was compiled with an 
incompatible version of 
Kotlin. The actual metadata 
version is 2.2.0, but the 
compiler version 1.9.0 can 
read versions up to 2.0.0.
exception: the class is 
loaded from C:/Users/Usuario/
.gradle/caches/transforms-4/9
dfd7fc35cb992d583a986c2638319
0c/transformed/jetified-kotli
n-stdlib-2.2.20.jar!/kotlin/U
nit.class
exception:             
"getLanguages" -> 
getLanguages(result)
exception:                   
            ^
exception: c:\Users\Usuario\A
ppData\Local\Pub\Cache\hosted
\pub.dev\flutter_tts-4.2.5\an
droid\src\main\kotlin\com\eye
deadevelopment\fluttertts\Flu
tterTtsPlugin.kt:414:28: 
error: class 'kotlin.Unit' 
was compiled with an 
incompatible version of 
Kotlin. The actual metadata 
version is 2.2.0, but the 
compiler version 1.9.0 can 
read versions up to 2.0.0.
exception: the class is 
loaded from C:/Users/Usuario/
.gradle/caches/transforms-4/9
dfd7fc35cb992d583a986c2638319
0c/transformed/jetified-kotli
n-stdlib-2.2.20.jar!/kotlin/U
nit.class
exception:             
"getVoices" -> 
getVoices(result)
exception:                   
         ^
exception: c:\Users\Usuario\A
ppData\Local\Pub\Cache\hosted
\pub.dev\flutter_tts-4.2.5\an
droid\src\main\kotlin\com\eye
deadevelopment\fluttertts\Flu
tterTtsPlugin.kt:415:42: 
error: class 'kotlin.Unit' 
was compiled with an 
incompatible version of 
Kotlin. The actual metadata 
version is 2.2.0, but the 
compiler version 1.9.0 can 
read versions up to 2.0.0.
exception: the class is 
loaded from C:/Users/Usuario/
.gradle/caches/transforms-4/9
dfd7fc35cb992d583a986c2638319
0c/transformed/jetified-kotli
n-stdlib-2.2.20.jar!/kotlin/U
nit.class
exception:             
"getSpeechRateValidRange" -> 
getSpeechRateValidRange(resul
t)
exception:                   
                       ^
exception: c:\Users\Usuario\A
ppData\Local\Pub\Cache\hosted
\pub.dev\flutter_tts-4.2.5\an
droid\src\main\kotlin\com\eye
deadevelopment\fluttertts\Flu
tterTtsPlugin.kt:416:29: 
error: class 'kotlin.Unit' 
was compiled with an 
incompatible version of 
Kotlin. The actual metadata 
version is 2.2.0, but the 
compiler version 1.9.0 can 
read versions up to 2.0.0.
exception: the class is 
loaded from C:/Users/Usuario/
.gradle/caches/transforms-4/9
dfd7fc35cb992d583a986c2638319
0c/transformed/jetified-kotli
n-stdlib-2.2.20.jar!/kotlin/U
nit.class
exception:             
"getEngines" -> 
getEngines(result)
exception:                   
          ^
exception: c:\Users\Usuario\A
ppData\Local\Pub\Cache\hosted
\pub.dev\flutter_tts-4.2.5\an
droid\src\main\kotlin\com\eye
deadevelopment\fluttertts\Flu
tterTtsPlugin.kt:417:35: 
error: class 'kotlin.Unit' 
was compiled with an 
incompatible version of 
Kotlin. The actual metadata 
version is 2.2.0, but the 
compiler version 1.9.0 can 
read versions up to 2.0.0.
exception: the class is 
loaded from C:/Users/Usuario/
.gradle/caches/transforms-4/9
dfd7fc35cb992d583a986c2638319
0c/transformed/jetified-kotli
n-stdlib-2.2.20.jar!/kotlin/U
nit.class
exception:             
"getDefaultEngine" -> 
getDefaultEngine(result)
exception:                   
                ^
exception: c:\Users\Usuario\A
ppData\Local\Pub\Cache\hosted
\pub.dev\flutter_tts-4.2.5\an
droid\src\main\kotlin\com\eye
deadevelopment\fluttertts\Flu
tterTtsPlugin.kt:418:34: 
error: class 'kotlin.Unit' 
was compiled with an 
incompatible version of 
Kotlin. The actual metadata 
version is 2.2.0, but the 
compiler version 1.9.0 can 
read versions up to 2.0.0.
exception: the class is 
loaded from C:/Users/Usuario/
.gradle/caches/transforms-4/9
dfd7fc35cb992d583a986c2638319
0c/transformed/jetified-kotli
n-stdlib-2.2.20.jar!/kotlin/U
nit.class
exception:             
"getDefaultVoice" -> 
getDefaultVoice(result)
exception:                   
               ^
exception: c:\Users\Usuario\A
ppData\Local\Pub\Cache\hosted
\pub.dev\flutter_tts-4.2.5\an
droid\src\main\kotlin\com\eye
deadevelopment\fluttertts\Flu
tterTtsPlugin.kt:420:28: 
error: unresolved reference: 
HashMap
exception:                 
val voice: HashMap<String?, 
String>? = call.arguments()
exception:                   
         ^
exception: c:\Users\Usuario\A
ppData\Local\Pub\Cache\hosted
\pub.dev\flutter_tts-4.2.5\an
droid\src\main\kotlin\com\eye
deadevelopment\fluttertts\Flu
tterTtsPlugin.kt:420:61: 
error: not enough 
information to infer type 
variable T
exception:                 
val voice: HashMap<String?, 
String>? = call.arguments()
exception:                   
                             
             ^
exception: c:\Users\Usuario\A
ppData\Local\Pub\Cache\hosted
\pub.dev\flutter_tts-4.2.5\an
droid\src\main\kotlin\com\eye
deadevelopment\fluttertts\Flu
tterTtsPlugin.kt:421:17: 
error: class 'kotlin.Unit' 
was compiled with an 
incompatible version of 
Kotlin. The actual metadata 
version is 2.2.0, but the 
compiler version 1.9.0 can 
read versions up to 2.0.0.
exception: the class is 
loaded from C:/Users/Usuario/
.gradle/caches/transforms-4/9
dfd7fc35cb992d583a986c2638319
0c/transformed/jetified-kotli
n-stdlib-2.2.20.jar!/kotlin/U
nit.class
exception:                 
setVoice(voice!!, result)
exception:                 ^
exception: c:\Users\Usuario\A
ppData\Local\Pub\Cache\hosted
\pub.dev\flutter_tts-4.2.5\an
droid\src\main\kotlin\com\eye
deadevelopment\fluttertts\Flu
tterTtsPlugin.kt:424:29: 
error: class 'kotlin.Unit' 
was compiled with an 
incompatible version of 
Kotlin. The actual metadata 
version is 2.2.0, but the 
compiler version 1.9.0 can 
read versions up to 2.0.0.
exception: the class is 
loaded from C:/Users/Usuario/
.gradle/caches/transforms-4/9
dfd7fc35cb992d583a986c2638319
0c/transformed/jetified-kotli
n-stdlib-2.2.20.jar!/kotlin/U
nit.class
exception:             
"clearVoice" -> 
clearVoice(result)
exception:                   
          ^
exception: c:\Users\Usuario\A
ppData\Local\Pub\Cache\hosted
\pub.dev\flutter_tts-4.2.5\an
droid\src\main\kotlin\com\eye
deadevelopment\fluttertts\Flu
tterTtsPlugin.kt:429:24: 
error: class 'kotlin.Unit' 
was compiled with an 
incompatible version of 
Kotlin. The actual metadata 
version is 2.2.0, but the 
compiler version 1.9.0 can 
read versions up to 2.0.0.
exception: the class is 
loaded from C:/Users/Usuario/
.gradle/caches/transforms-4/9
dfd7fc35cb992d583a986c2638319
0c/transformed/jetified-kotli
n-stdlib-2.2.20.jar!/kotlin/U
nit.class
exception:                 re
sult.success(isLanguageAvaila
ble(locale))
exception:                   
     ^
exception: c:\Users\Usuario\A
ppData\Local\Pub\Cache\hosted
\pub.dev\flutter_tts-4.2.5\an
droid\src\main\kotlin\com\eye
deadevelopment\fluttertts\Flu
tterTtsPlugin.kt:434:22: 
error: class 'kotlin.Unit' 
was compiled with an 
incompatible version of 
Kotlin. The actual metadata 
version is 2.2.0, but the 
compiler version 1.9.0 can 
read versions up to 2.0.0.
exception: the class is 
loaded from C:/Users/Usuario/
.gradle/caches/transforms-4/9
dfd7fc35cb992d583a986c2638319
0c/transformed/jetified-kotli
n-stdlib-2.2.20.jar!/kotlin/U
nit.class
exception:                 
this.silencems = 
silencems.toInt()
exception:                   
   ^
exception: c:\Users\Usuario\A
ppData\Local\Pub\Cache\hosted
\pub.dev\flutter_tts-4.2.5\an
droid\src\main\kotlin\com\eye
deadevelopment\fluttertts\Flu
tterTtsPlugin.kt:434:44: 
error: unresolved reference: 
toInt
exception:                 
this.silencems = 
silencems.toInt()
exception:                   
                         ^
exception: c:\Users\Usuario\A
ppData\Local\Pub\Cache\hosted
\pub.dev\flutter_tts-4.2.5\an
droid\src\main\kotlin\com\eye
deadevelopment\fluttertts\Flu
tterTtsPlugin.kt:437:43: 
error: class 'kotlin.Unit' 
was compiled with an 
incompatible version of 
Kotlin. The actual metadata 
version is 2.2.0, but the 
compiler version 1.9.0 can 
read versions up to 2.0.0.
exception: the class is 
loaded from C:/Users/Usuario/
.gradle/caches/transforms-4/9
dfd7fc35cb992d583a986c2638319
0c/transformed/jetified-kotli
n-stdlib-2.2.20.jar!/kotlin/U
nit.class
exception:             
"setSharedInstance" -> 
result.success(1)
exception:                   
                        ^
exception: c:\Users\Usuario\A
ppData\Local\Pub\Cache\hosted
\pub.dev\flutter_tts-4.2.5\an
droid\src\main\kotlin\com\eye
deadevelopment\fluttertts\Flu
tterTtsPlugin.kt:440:24: 
error: class 'kotlin.Unit' 
was compiled with an 
incompatible version of 
Kotlin. The actual metadata 
version is 2.2.0, but the 
compiler version 1.9.0 can 
read versions up to 2.0.0.
exception: the class is 
loaded from C:/Users/Usuario/
.gradle/caches/transforms-4/9
dfd7fc35cb992d583a986c2638319
0c/transformed/jetified-kotli
n-stdlib-2.2.20.jar!/kotlin/U
nit.class
exception:                 re
sult.success(isLanguageInstal
led(language))
exception:                   
     ^
exception: c:\Users\Usuario\A
ppData\Local\Pub\Cache\hosted
\pub.dev\flutter_tts-4.2.5\an
droid\src\main\kotlin\com\eye
deadevelopment\fluttertts\Flu
tterTtsPlugin.kt:445:24: 
error: class 'kotlin.Unit' 
was compiled with an 
incompatible version of 
Kotlin. The actual metadata 
version is 2.2.0, but the 
compiler version 1.9.0 can 
read versions up to 2.0.0.
exception: the class is 
loaded from C:/Users/Usuario/
.gradle/caches/transforms-4/9
dfd7fc35cb992d583a986c2638319
0c/transformed/jetified-kotli
n-stdlib-2.2.20.jar!/kotlin/U
nit.class
exception:                 re
sult.success(areLanguagesInst
alled(languages!!))
exception:                   
     ^
exception: c:\Users\Usuario\A
ppData\Local\Pub\Cache\hosted
\pub.dev\flutter_tts-4.2.5\an
droid\src\main\kotlin\com\eye
deadevelopment\fluttertts\Flu
tterTtsPlugin.kt:450:22: 
error: class 'kotlin.Unit' 
was compiled with an 
incompatible version of 
Kotlin. The actual metadata 
version is 2.2.0, but the 
compiler version 1.9.0 can 
read versions up to 2.0.0.
exception: the class is 
loaded from C:/Users/Usuario/
.gradle/caches/transforms-4/9
dfd7fc35cb992d583a986c2638319
0c/transformed/jetified-kotli
n-stdlib-2.2.20.jar!/kotlin/U
nit.class
exception:                 
this.queueMode = 
queueMode.toInt()
exception:                   
   ^
exception: c:\Users\Usuario\A
ppData\Local\Pub\Cache\hosted
\pub.dev\flutter_tts-4.2.5\an
droid\src\main\kotlin\com\eye
deadevelopment\fluttertts\Flu
tterTtsPlugin.kt:450:44: 
error: unresolved reference: 
toInt
exception:                 
this.queueMode = 
queueMode.toInt()
exception:                   
                         ^
exception: c:\Users\Usuario\A
ppData\Local\Pub\Cache\hosted
\pub.dev\flutter_tts-4.2.5\an
droid\src\main\kotlin\com\eye
deadevelopment\fluttertts\Flu
tterTtsPlugin.kt:451:24: 
error: class 'kotlin.Unit' 
was compiled with an 
incompatible version of 
Kotlin. The actual metadata 
version is 2.2.0, but the 
compiler version 1.9.0 can 
read versions up to 2.0.0.
exception: the class is 
loaded from C:/Users/Usuario/
.gradle/caches/transforms-4/9
dfd7fc35cb992d583a986c2638319
0c/transformed/jetified-kotli
n-stdlib-2.2.20.jar!/kotlin/U
nit.class
exception:                 
result.success(1)
exception:                   
     ^
exception: c:\Users\Usuario\A
ppData\Local\Pub\Cache\hosted
\pub.dev\flutter_tts-4.2.5\an
droid\src\main\kotlin\com\eye
deadevelopment\fluttertts\Flu
tterTtsPlugin.kt:455:17: 
error: class 'kotlin.Unit' 
was compiled with an 
incompatible version of 
Kotlin. The actual metadata 
version is 2.2.0, but the 
compiler version 1.9.0 can 
read versions up to 2.0.0.
exception: the class is 
loaded from C:/Users/Usuario/
.gradle/caches/transforms-4/9
dfd7fc35cb992d583a986c2638319
0c/transformed/jetified-kotli
n-stdlib-2.2.20.jar!/kotlin/U
nit.class
exception:                 se
tAudioAttributesForNavigation
()
exception:                 ^
exception: c:\Users\Usuario\A
ppData\Local\Pub\Cache\hosted
\pub.dev\flutter_tts-4.2.5\an
droid\src\main\kotlin\com\eye
deadevelopment\fluttertts\Flu
tterTtsPlugin.kt:456:24: 
error: class 'kotlin.Unit' 
was compiled with an 
incompatible version of 
Kotlin. The actual metadata 
version is 2.2.0, but the 
compiler version 1.9.0 can 
read versions up to 2.0.0.
exception: the class is 
loaded from C:/Users/Usuario/
.gradle/caches/transforms-4/9
dfd7fc35cb992d583a986c2638319
0c/transformed/jetified-kotli
n-stdlib-2.2.20.jar!/kotlin/U
nit.class
exception:                 
result.success(1)
exception:                   
     ^
exception: c:\Users\Usuario\A
ppData\Local\Pub\Cache\hosted
\pub.dev\flutter_tts-4.2.5\an
droid\src\main\kotlin\com\eye
deadevelopment\fluttertts\Flu
tterTtsPlugin.kt:459:28: 
error: class 'kotlin.Unit' 
was compiled with an 
incompatible version of 
Kotlin. The actual metadata 
version is 2.2.0, but the 
compiler version 1.9.0 can 
read versions up to 2.0.0.
exception: the class is 
loaded from C:/Users/Usuario/
.gradle/caches/transforms-4/9
dfd7fc35cb992d583a986c2638319
0c/transformed/jetified-kotli
n-stdlib-2.2.20.jar!/kotlin/U
nit.class
exception:             else 
-> result.notImplemented()
exception:                   
         ^
exception: c:\Users\Usuario\A
ppData\Local\Pub\Cache\hosted
\pub.dev\flutter_tts-4.2.5\an
droid\src\main\kotlin\com\eye
deadevelopment\fluttertts\Flu
tterTtsPlugin.kt:472:52: 
error: unresolved reference: 
HashMap
exception:         val 
result: MutableMap<String?, 
Boolean> = HashMap()
exception:                   
                             
    ^
exception: c:\Users\Usuario\A
ppData\Local\Pub\Cache\hosted
\pub.dev\flutter_tts-4.2.5\an
droid\src\main\kotlin\com\eye
deadevelopment\fluttertts\Flu
tterTtsPlugin.kt:474:19: 
error: unresolved reference: 
result[language]
exception:             
result[language] = 
isLanguageInstalled(language)
exception:                   
^
exception: c:\Users\Usuario\A
ppData\Local\Pub\Cache\hosted
\pub.dev\flutter_tts-4.2.5\an
droid\src\main\kotlin\com\eye
deadevelopment\fluttertts\Flu
tterTtsPlugin.kt:474:19: 
error: no set method 
providing array access
exception:             
result[language] = 
isLanguageInstalled(language)
exception:                   
^
exception: c:\Users\Usuario\A
ppData\Local\Pub\Cache\hosted
\pub.dev\flutter_tts-4.2.5\an
droid\src\main\kotlin\com\eye
deadevelopment\fluttertts\Flu
tterTtsPlugin.kt:498:9: 
error: class 'kotlin.Unit' 
was compiled with an 
incompatible version of 
Kotlin. The actual metadata 
version is 2.2.0, but the 
compiler version 1.9.0 can 
read versions up to 2.0.0.
exception: the class is 
loaded from C:/Users/Usuario/
.gradle/caches/transforms-4/9
dfd7fc35cb992d583a986c2638319
0c/transformed/jetified-kotli
n-stdlib-2.2.20.jar!/kotlin/U
nit.class
exception:         ttsStatus 
= null
exception:         ^
exception: c:\Users\Usuario\A
ppData\Local\Pub\Cache\hosted
\pub.dev\flutter_tts-4.2.5\an
droid\src\main\kotlin\com\eye
deadevelopment\fluttertts\Flu
tterTtsPlugin.kt:499:9: 
error: class 'kotlin.Unit' 
was compiled with an 
incompatible version of 
Kotlin. The actual metadata 
version is 2.2.0, but the 
compiler version 1.9.0 can 
read versions up to 2.0.0.
exception: the class is 
loaded from C:/Users/Usuario/
.gradle/caches/transforms-4/9
dfd7fc35cb992d583a986c2638319
0c/transformed/jetified-kotli
n-stdlib-2.2.20.jar!/kotlin/U
nit.class
exception:         
selectedEngine = engine
exception:         ^
exception: c:\Users\Usuario\A
ppData\Local\Pub\Cache\hosted
\pub.dev\flutter_tts-4.2.5\an
droid\src\main\kotlin\com\eye
deadevelopment\fluttertts\Flu
tterTtsPlugin.kt:500:9: 
error: class 'kotlin.Unit' 
was compiled with an 
incompatible version of 
Kotlin. The actual metadata 
version is 2.2.0, but the 
compiler version 1.9.0 can 
read versions up to 2.0.0.
exception: the class is 
loaded from C:/Users/Usuario/
.gradle/caches/transforms-4/9
dfd7fc35cb992d583a986c2638319
0c/transformed/jetified-kotli
n-stdlib-2.2.20.jar!/kotlin/U
nit.class
exception:         
engineResult = result
exception:         ^
exception: c:\Users\Usuario\A
ppData\Local\Pub\Cache\hosted
\pub.dev\flutter_tts-4.2.5\an
droid\src\main\kotlin\com\eye
deadevelopment\fluttertts\Flu
tterTtsPlugin.kt:501:9: 
error: class 'kotlin.Unit' 
was compiled with an 
incompatible version of 
Kotlin. The actual metadata 
version is 2.2.0, but the 
compiler version 1.9.0 can 
read versions up to 2.0.0.
exception: the class is 
loaded from C:/Users/Usuario/
.gradle/caches/transforms-4/9
dfd7fc35cb992d583a986c2638319
0c/transformed/jetified-kotli
n-stdlib-2.2.20.jar!/kotlin/U
nit.class
exception:         tts = 
TextToSpeech(context, 
onInitListenerWithCallback, 
engine)
exception:         ^
exception: c:\Users\Usuario\A
ppData\Local\Pub\Cache\hosted
\pub.dev\flutter_tts-4.2.5\an
droid\src\main\kotlin\com\eye
deadevelopment\fluttertts\Flu
tterTtsPlugin.kt:506:9: 
error: class 'kotlin.Unit' 
was compiled with an 
incompatible version of 
Kotlin. The actual metadata 
version is 2.2.0, but the 
compiler version 1.9.0 can 
read versions up to 2.0.0.
exception: the class is 
loaded from C:/Users/Usuario/
.gradle/caches/transforms-4/9
dfd7fc35cb992d583a986c2638319
0c/transformed/jetified-kotli
n-stdlib-2.2.20.jar!/kotlin/U
nit.class
exception:         if (isLang
uageAvailable(locale)) {
exception:         ^
exception: c:\Users\Usuario\A
ppData\Local\Pub\Cache\hosted
\pub.dev\flutter_tts-4.2.5\an
droid\src\main\kotlin\com\eye
deadevelopment\fluttertts\Flu
tterTtsPlugin.kt:507:19: 
error: class 'kotlin.Unit' 
was compiled with an 
incompatible version of 
Kotlin. The actual metadata 
version is 2.2.0, but the 
compiler version 1.9.0 can 
read versions up to 2.0.0.
exception: the class is 
loaded from C:/Users/Usuario/
.gradle/caches/transforms-4/9
dfd7fc35cb992d583a986c2638319
0c/transformed/jetified-kotli
n-stdlib-2.2.20.jar!/kotlin/U
nit.class
exception:             
tts!!.language = locale
exception:                   
^
exception: c:\Users\Usuario\A
ppData\Local\Pub\Cache\hosted
\pub.dev\flutter_tts-4.2.5\an
droid\src\main\kotlin\com\eye
deadevelopment\fluttertts\Flu
tterTtsPlugin.kt:508:20: 
error: class 'kotlin.Unit' 
was compiled with an 
incompatible version of 
Kotlin. The actual metadata 
version is 2.2.0, but the 
compiler version 1.9.0 can 
read versions up to 2.0.0.
exception: the class is 
loaded from C:/Users/Usuario/
.gradle/caches/transforms-4/9
dfd7fc35cb992d583a986c2638319
0c/transformed/jetified-kotli
n-stdlib-2.2.20.jar!/kotlin/U
nit.class
exception:             
result.success(1)
exception:                   
 ^
exception: c:\Users\Usuario\A
ppData\Local\Pub\Cache\hosted
\pub.dev\flutter_tts-4.2.5\an
droid\src\main\kotlin\com\eye
deadevelopment\fluttertts\Flu
tterTtsPlugin.kt:510:20: 
error: class 'kotlin.Unit' 
was compiled with an 
incompatible version of 
Kotlin. The actual metadata 
version is 2.2.0, but the 
compiler version 1.9.0 can 
read versions up to 2.0.0.
exception: the class is 
loaded from C:/Users/Usuario/
.gradle/caches/transforms-4/9
dfd7fc35cb992d583a986c2638319
0c/transformed/jetified-kotli
n-stdlib-2.2.20.jar!/kotlin/U
nit.class
exception:             
result.success(0)
exception:                   
 ^
exception: c:\Users\Usuario\A
ppData\Local\Pub\Cache\hosted
\pub.dev\flutter_tts-4.2.5\an
droid\src\main\kotlin\com\eye
deadevelopment\fluttertts\Flu
tterTtsPlugin.kt:514:33: 
error: unresolved reference: 
HashMap
exception:     private fun 
setVoice(voice: 
HashMap<String?, String>, 
result: Result) {
exception:                   
              ^
exception: c:\Users\Usuario\A
ppData\Local\Pub\Cache\hosted
\pub.dev\flutter_tts-4.2.5\an
droid\src\main\kotlin\com\eye
deadevelopment\fluttertts\Flu
tterTtsPlugin.kt:519:23: 
error: class 'kotlin.Unit' 
was compiled with an 
incompatible version of 
Kotlin. The actual metadata 
version is 2.2.0, but the 
compiler version 1.9.0 can 
read versions up to 2.0.0.
exception: the class is 
loaded from C:/Users/Usuario/
.gradle/caches/transforms-4/9
dfd7fc35cb992d583a986c2638319
0c/transformed/jetified-kotli
n-stdlib-2.2.20.jar!/kotlin/U
nit.class
exception:                 
tts!!.voice = ttsVoice
exception:                   
    ^
exception: c:\Users\Usuario\A
ppData\Local\Pub\Cache\hosted
\pub.dev\flutter_tts-4.2.5\an
droid\src\main\kotlin\com\eye
deadevelopment\fluttertts\Flu
tterTtsPlugin.kt:520:24: 
error: class 'kotlin.Unit' 
was compiled with an 
incompatible version of 
Kotlin. The actual metadata 
version is 2.2.0, but the 
compiler version 1.9.0 can 
read versions up to 2.0.0.
exception: the class is 
loaded from C:/Users/Usuario/
.gradle/caches/transforms-4/9
dfd7fc35cb992d583a986c2638319
0c/transformed/jetified-kotli
n-stdlib-2.2.20.jar!/kotlin/U
nit.class
exception:                 
result.success(1)
exception:                   
     ^
exception: c:\Users\Usuario\A
ppData\Local\Pub\Cache\hosted
\pub.dev\flutter_tts-4.2.5\an
droid\src\main\kotlin\com\eye
deadevelopment\fluttertts\Flu
tterTtsPlugin.kt:524:13: 
error: class 'kotlin.Unit' 
was compiled with an 
incompatible version of 
Kotlin. The actual metadata 
version is 2.2.0, but the 
compiler version 1.9.0 can 
read versions up to 2.0.0.
exception: the class is 
loaded from C:/Users/Usuario/
.gradle/caches/transforms-4/9
dfd7fc35cb992d583a986c2638319
0c/transformed/jetified-kotli
n-stdlib-2.2.20.jar!/kotlin/U
nit.class
exception:         
Log.d(tag, "Voice name not 
found: $voice")
exception:             ^
exception: c:\Users\Usuario\A
ppData\Local\Pub\Cache\hosted
\pub.dev\flutter_tts-4.2.5\an
droid\src\main\kotlin\com\eye
deadevelopment\fluttertts\Flu
tterTtsPlugin.kt:525:16: 
error: class 'kotlin.Unit' 
was compiled with an 
incompatible version of 
Kotlin. The actual metadata 
version is 2.2.0, but the 
compiler version 1.9.0 can 
read versions up to 2.0.0.
exception: the class is 
loaded from C:/Users/Usuario/
.gradle/caches/transforms-4/9
dfd7fc35cb992d583a986c2638319
0c/transformed/jetified-kotli
n-stdlib-2.2.20.jar!/kotlin/U
nit.class
exception:         
result.success(0)
exception:                ^
exception: c:\Users\Usuario\A
ppData\Local\Pub\Cache\hosted
\pub.dev\flutter_tts-4.2.5\an
droid\src\main\kotlin\com\eye
deadevelopment\fluttertts\Flu
tterTtsPlugin.kt:529:15: 
error: class 'kotlin.Unit' 
was compiled with an 
incompatible version of 
Kotlin. The actual metadata 
version is 2.2.0, but the 
compiler version 1.9.0 can 
read versions up to 2.0.0.
exception: the class is 
loaded from C:/Users/Usuario/
.gradle/caches/transforms-4/9
dfd7fc35cb992d583a986c2638319
0c/transformed/jetified-kotli
n-stdlib-2.2.20.jar!/kotlin/U
nit.class
exception:         
tts!!.voice = 
tts!!.defaultVoice
exception:               ^
exception: c:\Users\Usuario\A
ppData\Local\Pub\Cache\hosted
\pub.dev\flutter_tts-4.2.5\an
droid\src\main\kotlin\com\eye
deadevelopment\fluttertts\Flu
tterTtsPlugin.kt:530:16: 
error: class 'kotlin.Unit' 
was compiled with an 
incompatible version of 
Kotlin. The actual metadata 
version is 2.2.0, but the 
compiler version 1.9.0 can 
read versions up to 2.0.0.
exception: the class is 
loaded from C:/Users/Usuario/
.gradle/caches/transforms-4/9
dfd7fc35cb992d583a986c2638319
0c/transformed/jetified-kotli
n-stdlib-2.2.20.jar!/kotlin/U
nit.class
exception:         
result.success(1)
exception:                ^
exception: c:\Users\Usuario\A
ppData\Local\Pub\Cache\hosted
\pub.dev\flutter_tts-4.2.5\an
droid\src\main\kotlin\com\eye
deadevelopment\fluttertts\Flu
tterTtsPlugin.kt:534:9: 
error: class 'kotlin.Unit' 
was compiled with an 
incompatible version of 
Kotlin. The actual metadata 
version is 2.2.0, but the 
compiler version 1.9.0 can 
read versions up to 2.0.0.
exception: the class is 
loaded from C:/Users/Usuario/
.gradle/caches/transforms-4/9
dfd7fc35cb992d583a986c2638319
0c/transformed/jetified-kotli
n-stdlib-2.2.20.jar!/kotlin/U
nit.class
exception:         if 
(volume in (0.0f..1.0f)) {
exception:         ^
exception: c:\Users\Usuario\A
ppData\Local\Pub\Cache\hosted
\pub.dev\flutter_tts-4.2.5\an
droid\src\main\kotlin\com\eye
deadevelopment\fluttertts\Flu
tterTtsPlugin.kt:534:28: 
error: unresolved reference: 
..
exception:         if 
(volume in (0.0f..1.0f)) {
exception:                   
         ^
exception: c:\Users\Usuario\A
ppData\Local\Pub\Cache\hosted
\pub.dev\flutter_tts-4.2.5\an
droid\src\main\kotlin\com\eye
deadevelopment\fluttertts\Flu
tterTtsPlugin.kt:535:22: 
error: class 'kotlin.Unit' 
was compiled with an 
incompatible version of 
Kotlin. The actual metadata 
version is 2.2.0, but the 
compiler version 1.9.0 can 
read versions up to 2.0.0.
exception: the class is 
loaded from C:/Users/Usuario/
.gradle/caches/transforms-4/9
dfd7fc35cb992d583a986c2638319
0c/transformed/jetified-kotli
n-stdlib-2.2.20.jar!/kotlin/U
nit.class
exception:             bundle
!!.putFloat(TextToSpeech.Engi
ne.KEY_PARAM_VOLUME, volume)
exception:                   
   ^
exception: c:\Users\Usuario\A
ppData\Local\Pub\Cache\hosted
\pub.dev\flutter_tts-4.2.5\an
droid\src\main\kotlin\com\eye
deadevelopment\fluttertts\Flu
tterTtsPlugin.kt:536:20: 
error: class 'kotlin.Unit' 
was compiled with an 
incompatible version of 
Kotlin. The actual metadata 
version is 2.2.0, but the 
compiler version 1.9.0 can 
read versions up to 2.0.0.
exception: the class is 
loaded from C:/Users/Usuario/
.gradle/caches/transforms-4/9
dfd7fc35cb992d583a986c2638319
0c/transformed/jetified-kotli
n-stdlib-2.2.20.jar!/kotlin/U
nit.class
exception:             
result.success(1)
exception:                   
 ^
exception: c:\Users\Usuario\A
ppData\Local\Pub\Cache\hosted
\pub.dev\flutter_tts-4.2.5\an
droid\src\main\kotlin\com\eye
deadevelopment\fluttertts\Flu
tterTtsPlugin.kt:538:17: 
error: class 'kotlin.Unit' 
was compiled with an 
incompatible version of 
Kotlin. The actual metadata 
version is 2.2.0, but the 
compiler version 1.9.0 can 
read versions up to 2.0.0.
exception: the class is 
loaded from C:/Users/Usuario/
.gradle/caches/transforms-4/9
dfd7fc35cb992d583a986c2638319
0c/transformed/jetified-kotli
n-stdlib-2.2.20.jar!/kotlin/U
nit.class
exception:             
Log.d(tag, "Invalid volume 
$volume value - Range is 
from 0.0 to 1.0")
exception:                 ^
exception: c:\Users\Usuario\A
ppData\Local\Pub\Cache\hosted
\pub.dev\flutter_tts-4.2.5\an
droid\src\main\kotlin\com\eye
deadevelopment\fluttertts\Flu
tterTtsPlugin.kt:539:20: 
error: class 'kotlin.Unit' 
was compiled with an 
incompatible version of 
Kotlin. The actual metadata 
version is 2.2.0, but the 
compiler version 1.9.0 can 
read versions up to 2.0.0.
exception: the class is 
loaded from C:/Users/Usuario/
.gradle/caches/transforms-4/9
dfd7fc35cb992d583a986c2638319
0c/transformed/jetified-kotli
n-stdlib-2.2.20.jar!/kotlin/U
nit.class
exception:             
result.success(0)
exception:                   
 ^
exception: c:\Users\Usuario\A
ppData\Local\Pub\Cache\hosted
\pub.dev\flutter_tts-4.2.5\an
droid\src\main\kotlin\com\eye
deadevelopment\fluttertts\Flu
tterTtsPlugin.kt:544:9: 
error: class 'kotlin.Unit' 
was compiled with an 
incompatible version of 
Kotlin. The actual metadata 
version is 2.2.0, but the 
compiler version 1.9.0 can 
read versions up to 2.0.0.
exception: the class is 
loaded from C:/Users/Usuario/
.gradle/caches/transforms-4/9
dfd7fc35cb992d583a986c2638319
0c/transformed/jetified-kotli
n-stdlib-2.2.20.jar!/kotlin/U
nit.class
exception:         if (pitch 
in (0.5f..2.0f)) {
exception:         ^
exception: c:\Users\Usuario\A
ppData\Local\Pub\Cache\hosted
\pub.dev\flutter_tts-4.2.5\an
droid\src\main\kotlin\com\eye
deadevelopment\fluttertts\Flu
tterTtsPlugin.kt:544:27: 
error: unresolved reference: 
..
exception:         if (pitch 
in (0.5f..2.0f)) {
exception:                   
        ^
exception: c:\Users\Usuario\A
ppData\Local\Pub\Cache\hosted
\pub.dev\flutter_tts-4.2.5\an
droid\src\main\kotlin\com\eye
deadevelopment\fluttertts\Flu
tterTtsPlugin.kt:546:20: 
error: class 'kotlin.Unit' 
was compiled with an 
incompatible version of 
Kotlin. The actual metadata 
version is 2.2.0, but the 
compiler version 1.9.0 can 
read versions up to 2.0.0.
exception: the class is 
loaded from C:/Users/Usuario/
.gradle/caches/transforms-4/9
dfd7fc35cb992d583a986c2638319
0c/transformed/jetified-kotli
n-stdlib-2.2.20.jar!/kotlin/U
nit.class
exception:             
result.success(1)
exception:                   
 ^
exception: c:\Users\Usuario\A
ppData\Local\Pub\Cache\hosted
\pub.dev\flutter_tts-4.2.5\an
droid\src\main\kotlin\com\eye
deadevelopment\fluttertts\Flu
tterTtsPlugin.kt:548:17: 
error: class 'kotlin.Unit' 
was compiled with an 
incompatible version of 
Kotlin. The actual metadata 
version is 2.2.0, but the 
compiler version 1.9.0 can 
read versions up to 2.0.0.
exception: the class is 
loaded from C:/Users/Usuario/
.gradle/caches/transforms-4/9
dfd7fc35cb992d583a986c2638319
0c/transformed/jetified-kotli
n-stdlib-2.2.20.jar!/kotlin/U
nit.class
exception:             
Log.d(tag, "Invalid pitch 
$pitch value - Range is from 
0.5 to 2.0")
exception:                 ^
exception: c:\Users\Usuario\A
ppData\Local\Pub\Cache\hosted
\pub.dev\flutter_tts-4.2.5\an
droid\src\main\kotlin\com\eye
deadevelopment\fluttertts\Flu
tterTtsPlugin.kt:549:20: 
error: class 'kotlin.Unit' 
was compiled with an 
incompatible version of 
Kotlin. The actual metadata 
version is 2.2.0, but the 
compiler version 1.9.0 can 
read versions up to 2.0.0.
exception: the class is 
loaded from C:/Users/Usuario/
.gradle/caches/transforms-4/9
dfd7fc35cb992d583a986c2638319
0c/transformed/jetified-kotli
n-stdlib-2.2.20.jar!/kotlin/U
nit.class
exception:             
result.success(0)
exception:                   
 ^
exception: c:\Users\Usuario\A
ppData\Local\Pub\Cache\hosted
\pub.dev\flutter_tts-4.2.5\an
droid\src\main\kotlin\com\eye
deadevelopment\fluttertts\Flu
tterTtsPlugin.kt:554:22: 
error: unresolved reference: 
ArrayList
exception:         val 
voices = 
ArrayList<HashMap<String, 
String>>()
exception:                   
   ^
exception: c:\Users\Usuario\A
ppData\Local\Pub\Cache\hosted
\pub.dev\flutter_tts-4.2.5\an
droid\src\main\kotlin\com\eye
deadevelopment\fluttertts\Flu
tterTtsPlugin.kt:554:32: 
error: unresolved reference: 
HashMap
exception:         val 
voices = 
ArrayList<HashMap<String, 
String>>()
exception:                   
             ^
exception: c:\Users\Usuario\A
ppData\Local\Pub\Cache\hosted
\pub.dev\flutter_tts-4.2.5\an
droid\src\main\kotlin\com\eye
deadevelopment\fluttertts\Flu
tterTtsPlugin.kt:555:9: 
error: class 'kotlin.Unit' 
was compiled with an 
incompatible version of 
Kotlin. The actual metadata 
version is 2.2.0, but the 
compiler version 1.9.0 can 
read versions up to 2.0.0.
exception: the class is 
loaded from C:/Users/Usuario/
.gradle/caches/transforms-4/9
dfd7fc35cb992d583a986c2638319
0c/transformed/jetified-kotli
n-stdlib-2.2.20.jar!/kotlin/U
nit.class
exception:         try {
exception:         ^
exception: c:\Users\Usuario\A
ppData\Local\Pub\Cache\hosted
\pub.dev\flutter_tts-4.2.5\an
droid\src\main\kotlin\com\eye
deadevelopment\fluttertts\Flu
tterTtsPlugin.kt:557:32: 
error: unresolved reference: 
HashMap
exception:                 
val voiceMap = 
HashMap<String, String>()
exception:                   
             ^
exception: c:\Users\Usuario\A
ppData\Local\Pub\Cache\hosted
\pub.dev\flutter_tts-4.2.5\an
droid\src\main\kotlin\com\eye
deadevelopment\fluttertts\Flu
tterTtsPlugin.kt:558:17: 
error: class 'kotlin.Unit' 
was compiled with an 
incompatible version of 
Kotlin. The actual metadata 
version is 2.2.0, but the 
compiler version 1.9.0 can 
read versions up to 2.0.0.
exception: the class is 
loaded from C:/Users/Usuario/
.gradle/caches/transforms-4/9
dfd7fc35cb992d583a986c2638319
0c/transformed/jetified-kotli
n-stdlib-2.2.20.jar!/kotlin/U
nit.class
exception:                 re
adVoiceProperties(voiceMap, 
voice)
exception:                 ^
exception: c:\Users\Usuario\A
ppData\Local\Pub\Cache\hosted
\pub.dev\flutter_tts-4.2.5\an
droid\src\main\kotlin\com\eye
deadevelopment\fluttertts\Flu
tterTtsPlugin.kt:561:20: 
error: class 'kotlin.Unit' 
was compiled with an 
incompatible version of 
Kotlin. The actual metadata 
version is 2.2.0, but the 
compiler version 1.9.0 can 
read versions up to 2.0.0.
exception: the class is 
loaded from C:/Users/Usuario/
.gradle/caches/transforms-4/9
dfd7fc35cb992d583a986c2638319
0c/transformed/jetified-kotli
n-stdlib-2.2.20.jar!/kotlin/U
nit.class
exception:             
result.success(voices)
exception:                   
 ^
exception: c:\Users\Usuario\A
ppData\Local\Pub\Cache\hosted
\pub.dev\flutter_tts-4.2.5\an
droid\src\main\kotlin\com\eye
deadevelopment\fluttertts\Flu
tterTtsPlugin.kt:563:17: 
error: class 'kotlin.Unit' 
was compiled with an 
incompatible version of 
Kotlin. The actual metadata 
version is 2.2.0, but the 
compiler version 1.9.0 can 
read versions up to 2.0.0.
exception: the class is 
loaded from C:/Users/Usuario/
.gradle/caches/transforms-4/9
dfd7fc35cb992d583a986c2638319
0c/transformed/jetified-kotli
n-stdlib-2.2.20.jar!/kotlin/U
nit.class
exception:             
Log.d(tag, "getVoices: " + 
e.message)
exception:                 ^
exception: c:\Users\Usuario\A
ppData\Local\Pub\Cache\hosted
\pub.dev\flutter_tts-4.2.5\an
droid\src\main\kotlin\com\eye
deadevelopment\fluttertts\Flu
tterTtsPlugin.kt:564:20: 
error: class 'kotlin.Unit' 
was compiled with an 
incompatible version of 
Kotlin. The actual metadata 
version is 2.2.0, but the 
compiler version 1.9.0 can 
read versions up to 2.0.0.
exception: the class is 
loaded from C:/Users/Usuario/
.gradle/caches/transforms-4/9
dfd7fc35cb992d583a986c2638319
0c/transformed/jetified-kotli
n-stdlib-2.2.20.jar!/kotlin/U
nit.class
exception:             
result.success(null)
exception:                   
 ^
exception: c:\Users\Usuario\A
ppData\Local\Pub\Cache\hosted
\pub.dev\flutter_tts-4.2.5\an
droid\src\main\kotlin\com\eye
deadevelopment\fluttertts\Flu
tterTtsPlugin.kt:569:23: 
error: unresolved reference: 
ArrayList
exception:         val 
locales = ArrayList<String>()
exception:                   
    ^
exception: c:\Users\Usuario\A
ppData\Local\Pub\Cache\hosted
\pub.dev\flutter_tts-4.2.5\an
droid\src\main\kotlin\com\eye
deadevelopment\fluttertts\Flu
tterTtsPlugin.kt:570:9: 
error: class 'kotlin.Unit' 
was compiled with an 
incompatible version of 
Kotlin. The actual metadata 
version is 2.2.0, but the 
compiler version 1.9.0 can 
read versions up to 2.0.0.
exception: the class is 
loaded from C:/Users/Usuario/
.gradle/caches/transforms-4/9
dfd7fc35cb992d583a986c2638319
0c/transformed/jetified-kotli
n-stdlib-2.2.20.jar!/kotlin/U
nit.class
exception:         try {
exception:         ^
exception: c:\Users\Usuario\A
ppData\Local\Pub\Cache\hosted
\pub.dev\flutter_tts-4.2.5\an
droid\src\main\kotlin\com\eye
deadevelopment\fluttertts\Flu
tterTtsPlugin.kt:571:13: 
error: class 'kotlin.Unit' 
was compiled with an 
incompatible version of 
Kotlin. The actual metadata 
version is 2.2.0, but the 
compiler version 1.9.0 can 
read versions up to 2.0.0.
exception: the class is 
loaded from C:/Users/Usuario/
.gradle/caches/transforms-4/9
dfd7fc35cb992d583a986c2638319
0c/transformed/jetified-kotli
n-stdlib-2.2.20.jar!/kotlin/U
nit.class
exception:             if 
(Build.VERSION.SDK_INT >= 
Build.VERSION_CODES.M) {
exception:             ^
exception: c:\Users\Usuario\A
ppData\Local\Pub\Cache\hosted
\pub.dev\flutter_tts-4.2.5\an
droid\src\main\kotlin\com\eye
deadevelopment\fluttertts\Flu
tterTtsPlugin.kt:579:40: 
error: unresolved reference: 
isEmpty
exception:                   
  if 
(locale.variant.isEmpty() && 
isLanguageAvailable(locale)) 
{
exception:                   
                     ^
exception: c:\Users\Usuario\A
ppData\Local\Pub\Cache\hosted
\pub.dev\flutter_tts-4.2.5\an
droid\src\main\kotlin\com\eye
deadevelopment\fluttertts\Flu
tterTtsPlugin.kt:585:17: 
error: class 'kotlin.Unit' 
was compiled with an 
incompatible version of 
Kotlin. The actual metadata 
version is 2.2.0, but the 
compiler version 1.9.0 can 
read versions up to 2.0.0.
exception: the class is 
loaded from C:/Users/Usuario/
.gradle/caches/transforms-4/9
dfd7fc35cb992d583a986c2638319
0c/transformed/jetified-kotli
n-stdlib-2.2.20.jar!/kotlin/U
nit.class
exception:             
Log.d(tag, "getLanguages: " 
+ e.message)
exception:                 ^
exception: c:\Users\Usuario\A
ppData\Local\Pub\Cache\hosted
\pub.dev\flutter_tts-4.2.5\an
droid\src\main\kotlin\com\eye
deadevelopment\fluttertts\Flu
tterTtsPlugin.kt:587:17: 
error: class 'kotlin.Unit' 
was compiled with an 
incompatible version of 
Kotlin. The actual metadata 
version is 2.2.0, but the 
compiler version 1.9.0 can 
read versions up to 2.0.0.
exception: the class is 
loaded from C:/Users/Usuario/
.gradle/caches/transforms-4/9
dfd7fc35cb992d583a986c2638319
0c/transformed/jetified-kotli
n-stdlib-2.2.20.jar!/kotlin/U
nit.class
exception:             
Log.d(tag, "getLanguages: " 
+ e.message)
exception:                 ^
exception: c:\Users\Usuario\A
ppData\Local\Pub\Cache\hosted
\pub.dev\flutter_tts-4.2.5\an
droid\src\main\kotlin\com\eye
deadevelopment\fluttertts\Flu
tterTtsPlugin.kt:589:16: 
error: class 'kotlin.Unit' 
was compiled with an 
incompatible version of 
Kotlin. The actual metadata 
version is 2.2.0, but the 
compiler version 1.9.0 can 
read versions up to 2.0.0.
exception: the class is 
loaded from C:/Users/Usuario/
.gradle/caches/transforms-4/9
dfd7fc35cb992d583a986c2638319
0c/transformed/jetified-kotli
n-stdlib-2.2.20.jar!/kotlin/U
nit.class
exception:         
result.success(locales)
exception:                ^
exception: c:\Users\Usuario\A
ppData\Local\Pub\Cache\hosted
\pub.dev\flutter_tts-4.2.5\an
droid\src\main\kotlin\com\eye
deadevelopment\fluttertts\Flu
tterTtsPlugin.kt:593:23: 
error: unresolved reference: 
ArrayList
exception:         val 
engines = ArrayList<String>()
exception:                   
    ^
exception: c:\Users\Usuario\A
ppData\Local\Pub\Cache\hosted
\pub.dev\flutter_tts-4.2.5\an
droid\src\main\kotlin\com\eye
deadevelopment\fluttertts\Flu
tterTtsPlugin.kt:594:9: 
error: class 'kotlin.Unit' 
was compiled with an 
incompatible version of 
Kotlin. The actual metadata 
version is 2.2.0, but the 
compiler version 1.9.0 can 
read versions up to 2.0.0.
exception: the class is 
loaded from C:/Users/Usuario/
.gradle/caches/transforms-4/9
dfd7fc35cb992d583a986c2638319
0c/transformed/jetified-kotli
n-stdlib-2.2.20.jar!/kotlin/U
nit.class
exception:         try {
exception:         ^
exception: c:\Users\Usuario\A
ppData\Local\Pub\Cache\hosted
\pub.dev\flutter_tts-4.2.5\an
droid\src\main\kotlin\com\eye
deadevelopment\fluttertts\Flu
tterTtsPlugin.kt:599:17: 
error: class 'kotlin.Unit' 
was compiled with an 
incompatible version of 
Kotlin. The actual metadata 
version is 2.2.0, but the 
compiler version 1.9.0 can 
read versions up to 2.0.0.
exception: the class is 
loaded from C:/Users/Usuario/
.gradle/caches/transforms-4/9
dfd7fc35cb992d583a986c2638319
0c/transformed/jetified-kotli
n-stdlib-2.2.20.jar!/kotlin/U
nit.class
exception:             
Log.d(tag, "getEngines: " + 
e.message)
exception:                 ^
exception: c:\Users\Usuario\A
ppData\Local\Pub\Cache\hosted
\pub.dev\flutter_tts-4.2.5\an
droid\src\main\kotlin\com\eye
deadevelopment\fluttertts\Flu
tterTtsPlugin.kt:601:16: 
error: class 'kotlin.Unit' 
was compiled with an 
incompatible version of 
Kotlin. The actual metadata 
version is 2.2.0, but the 
compiler version 1.9.0 can 
read versions up to 2.0.0.
exception: the class is 
loaded from C:/Users/Usuario/
.gradle/caches/transforms-4/9
dfd7fc35cb992d583a986c2638319
0c/transformed/jetified-kotli
n-stdlib-2.2.20.jar!/kotlin/U
nit.class
exception:         
result.success(engines)
exception:                ^
exception: c:\Users\Usuario\A
ppData\Local\Pub\Cache\hosted
\pub.dev\flutter_tts-4.2.5\an
droid\src\main\kotlin\com\eye
deadevelopment\fluttertts\Flu
tterTtsPlugin.kt:606:16: 
error: class 'kotlin.Unit' 
was compiled with an 
incompatible version of 
Kotlin. The actual metadata 
version is 2.2.0, but the 
compiler version 1.9.0 can 
read versions up to 2.0.0.
exception: the class is 
loaded from C:/Users/Usuario/
.gradle/caches/transforms-4/9
dfd7fc35cb992d583a986c2638319
0c/transformed/jetified-kotli
n-stdlib-2.2.20.jar!/kotlin/U
nit.class
exception:         
result.success(defaultEngine)
exception:                ^
exception: c:\Users\Usuario\A
ppData\Local\Pub\Cache\hosted
\pub.dev\flutter_tts-4.2.5\an
droid\src\main\kotlin\com\eye
deadevelopment\fluttertts\Flu
tterTtsPlugin.kt:611:21: 
error: unresolved reference: 
HashMap
exception:         val voice 
= HashMap<String, String>()
exception:                   
  ^
exception: c:\Users\Usuario\A
ppData\Local\Pub\Cache\hosted
\pub.dev\flutter_tts-4.2.5\an
droid\src\main\kotlin\com\eye
deadevelopment\fluttertts\Flu
tterTtsPlugin.kt:613:13: 
error: class 'kotlin.Unit' 
was compiled with an 
incompatible version of 
Kotlin. The actual metadata 
version is 2.2.0, but the 
compiler version 1.9.0 can 
read versions up to 2.0.0.
exception: the class is 
loaded from C:/Users/Usuario/
.gradle/caches/transforms-4/9
dfd7fc35cb992d583a986c2638319
0c/transformed/jetified-kotli
n-stdlib-2.2.20.jar!/kotlin/U
nit.class
exception:             
readVoiceProperties(voice, 
defaultVoice)
exception:             ^
exception: c:\Users\Usuario\A
ppData\Local\Pub\Cache\hosted
\pub.dev\flutter_tts-4.2.5\an
droid\src\main\kotlin\com\eye
deadevelopment\fluttertts\Flu
tterTtsPlugin.kt:615:16: 
error: class 'kotlin.Unit' 
was compiled with an 
incompatible version of 
Kotlin. The actual metadata 
version is 2.2.0, but the 
compiler version 1.9.0 can 
read versions up to 2.0.0.
exception: the class is 
loaded from C:/Users/Usuario/
.gradle/caches/transforms-4/9
dfd7fc35cb992d583a986c2638319
0c/transformed/jetified-kotli
n-stdlib-2.2.20.jar!/kotlin/U
nit.class
exception:         
result.success(voice)
exception:                ^
exception: c:\Users\Usuario\A
ppData\Local\Pub\Cache\hosted
\pub.dev\flutter_tts-4.2.5\an
droid\src\main\kotlin\com\eye
deadevelopment\fluttertts\Flu
tterTtsPlugin.kt:619:12: 
error: unresolved reference: 
map["name"]
exception:         
map["name"] = voice.name
exception:            ^
exception: c:\Users\Usuario\A
ppData\Local\Pub\Cache\hosted
\pub.dev\flutter_tts-4.2.5\an
droid\src\main\kotlin\com\eye
deadevelopment\fluttertts\Flu
tterTtsPlugin.kt:619:12: 
error: no set method 
providing array access
exception:         
map["name"] = voice.name
exception:            ^
exception: c:\Users\Usuario\A
ppData\Local\Pub\Cache\hosted
\pub.dev\flutter_tts-4.2.5\an
droid\src\main\kotlin\com\eye
deadevelopment\fluttertts\Flu
tterTtsPlugin.kt:620:12: 
error: unresolved reference: 
map["locale"]
exception:         
map["locale"] = 
voice.locale.toLanguageTag()
exception:            ^
exception: c:\Users\Usuario\A
ppData\Local\Pub\Cache\hosted
\pub.dev\flutter_tts-4.2.5\an
droid\src\main\kotlin\com\eye
deadevelopment\fluttertts\Flu
tterTtsPlugin.kt:620:12: 
error: no set method 
providing array access
exception:         
map["locale"] = 
voice.locale.toLanguageTag()
exception:            ^
exception: c:\Users\Usuario\A
ppData\Local\Pub\Cache\hosted
\pub.dev\flutter_tts-4.2.5\an
droid\src\main\kotlin\com\eye
deadevelopment\fluttertts\Flu
tterTtsPlugin.kt:621:12: 
error: unresolved reference: 
map["quality"]
exception:         
map["quality"] = qualityToStr
ing(voice.quality)
exception:            ^
exception: c:\Users\Usuario\A
ppData\Local\Pub\Cache\hosted
\pub.dev\flutter_tts-4.2.5\an
droid\src\main\kotlin\com\eye
deadevelopment\fluttertts\Flu
tterTtsPlugin.kt:621:12: 
error: no set method 
providing array access
exception:         
map["quality"] = qualityToStr
ing(voice.quality)
exception:            ^
exception: c:\Users\Usuario\A
ppData\Local\Pub\Cache\hosted
\pub.dev\flutter_tts-4.2.5\an
droid\src\main\kotlin\com\eye
deadevelopment\fluttertts\Flu
tterTtsPlugin.kt:622:12: 
error: unresolved reference: 
map["latency"]
exception:         
map["latency"] = latencyToStr
ing(voice.latency)
exception:            ^
exception: c:\Users\Usuario\A
ppData\Local\Pub\Cache\hosted
\pub.dev\flutter_tts-4.2.5\an
droid\src\main\kotlin\com\eye
deadevelopment\fluttertts\Flu
tterTtsPlugin.kt:622:12: 
error: no set method 
providing array access
exception:         
map["latency"] = latencyToStr
ing(voice.latency)
exception:            ^
exception: c:\Users\Usuario\A
ppData\Local\Pub\Cache\hosted
\pub.dev\flutter_tts-4.2.5\an
droid\src\main\kotlin\com\eye
deadevelopment\fluttertts\Flu
tterTtsPlugin.kt:623:12: 
error: unresolved reference: 
map["network_required"]
exception:         
map["network_required"] = if 
(voice.isNetworkConnectionReq
uired) "1" else "0"
exception:            ^
exception: c:\Users\Usuario\A
ppData\Local\Pub\Cache\hosted
\pub.dev\flutter_tts-4.2.5\an
droid\src\main\kotlin\com\eye
deadevelopment\fluttertts\Flu
tterTtsPlugin.kt:623:12: 
error: no set method 
providing array access
exception:         
map["network_required"] = if 
(voice.isNetworkConnectionReq
uired) "1" else "0"
exception:            ^
exception: c:\Users\Usuario\A
ppData\Local\Pub\Cache\hosted
\pub.dev\flutter_tts-4.2.5\an
droid\src\main\kotlin\com\eye
deadevelopment\fluttertts\Flu
tterTtsPlugin.kt:624:12: 
error: unresolved reference: 
map["features"]
exception:         
map["features"] = voice.featu
res.joinToString(separator = 
"\t")
exception:            ^
exception: c:\Users\Usuario\A
ppData\Local\Pub\Cache\hosted
\pub.dev\flutter_tts-4.2.5\an
droid\src\main\kotlin\com\eye
deadevelopment\fluttertts\Flu
tterTtsPlugin.kt:624:12: 
error: no set method 
providing array access
exception:         
map["features"] = voice.featu
res.joinToString(separator = 
"\t")
exception:            ^
exception: c:\Users\Usuario\A
ppData\Local\Pub\Cache\hosted
\pub.dev\flutter_tts-4.2.5\an
droid\src\main\kotlin\com\eye
deadevelopment\fluttertts\Flu
tterTtsPlugin.kt:624:42: 
error: unresolved reference: 
joinToString
exception:         
map["features"] = voice.featu
res.joinToString(separator = 
"\t")
exception:                   
                       ^
exception: c:\Users\Usuario\A
ppData\Local\Pub\Cache\hosted
\pub.dev\flutter_tts-4.2.5\an
droid\src\main\kotlin\com\eye
deadevelopment\fluttertts\Flu
tterTtsPlugin.kt:656:20: 
error: unresolved reference: 
HashMap
exception:         val data 
= HashMap<String, String>()
exception:                   
 ^
exception: c:\Users\Usuario\A
ppData\Local\Pub\Cache\hosted
\pub.dev\flutter_tts-4.2.5\an
droid\src\main\kotlin\com\eye
deadevelopment\fluttertts\Flu
tterTtsPlugin.kt:661:16: 
error: class 'kotlin.Unit' 
was compiled with an 
incompatible version of 
Kotlin. The actual metadata 
version is 2.2.0, but the 
compiler version 1.9.0 can 
read versions up to 2.0.0.
exception: the class is 
loaded from C:/Users/Usuario/
.gradle/caches/transforms-4/9
dfd7fc35cb992d583a986c2638319
0c/transformed/jetified-kotli
n-stdlib-2.2.20.jar!/kotlin/U
nit.class
exception:         
result.success(data)
exception:                ^
exception: c:\Users\Usuario\A
ppData\Local\Pub\Cache\hosted
\pub.dev\flutter_tts-4.2.5\an
droid\src\main\kotlin\com\eye
deadevelopment\fluttertts\Flu
tterTtsPlugin.kt:669:17: 
error: class 'kotlin.Unit' 
was compiled with an 
incompatible version of 
Kotlin. The actual metadata 
version is 2.2.0, but the 
compiler version 1.9.0 can 
read versions up to 2.0.0.
exception: the class is 
loaded from C:/Users/Usuario/
.gradle/caches/transforms-4/9
dfd7fc35cb992d583a986c2638319
0c/transformed/jetified-kotli
n-stdlib-2.2.20.jar!/kotlin/U
nit.class
exception:                 
requestAudioFocus()
exception:                 ^
exception: c:\Users\Usuario\A
ppData\Local\Pub\Cache\hosted
\pub.dev\flutter_tts-4.2.5\an
droid\src\main\kotlin\com\eye
deadevelopment\fluttertts\Flu
tterTtsPlugin.kt:683:13: 
error: class 'kotlin.Unit' 
was compiled with an 
incompatible version of 
Kotlin. The actual metadata 
version is 2.2.0, but the 
compiler version 1.9.0 can 
read versions up to 2.0.0.
exception: the class is 
loaded from C:/Users/Usuario/
.gradle/caches/transforms-4/9
dfd7fc35cb992d583a986c2638319
0c/transformed/jetified-kotli
n-stdlib-2.2.20.jar!/kotlin/U
nit.class
exception:             
ttsStatus = null
exception:             ^
exception: c:\Users\Usuario\A
ppData\Local\Pub\Cache\hosted
\pub.dev\flutter_tts-4.2.5\an
droid\src\main\kotlin\com\eye
deadevelopment\fluttertts\Flu
tterTtsPlugin.kt:684:13: 
error: class 'kotlin.Unit' 
was compiled with an 
incompatible version of 
Kotlin. The actual metadata 
version is 2.2.0, but the 
compiler version 1.9.0 can 
read versions up to 2.0.0.
exception: the class is 
loaded from C:/Users/Usuario/
.gradle/caches/transforms-4/9
dfd7fc35cb992d583a986c2638319
0c/transformed/jetified-kotli
n-stdlib-2.2.20.jar!/kotlin/U
nit.class
exception:             tts = 
TextToSpeech(context, onInitL
istenerWithoutCallback, 
selectedEngine)
exception:             ^
exception: c:\Users\Usuario\A
ppData\Local\Pub\Cache\hosted
\pub.dev\flutter_tts-4.2.5\an
droid\src\main\kotlin\com\eye
deadevelopment\fluttertts\Flu
tterTtsPlugin.kt:690:35: 
error: class 'kotlin.Unit' 
was compiled with an 
incompatible version of 
Kotlin. The actual metadata 
version is 2.2.0, but the 
compiler version 1.9.0 can 
read versions up to 2.0.0.
exception: the class is 
loaded from C:/Users/Usuario/
.gradle/caches/transforms-4/9
dfd7fc35cb992d583a986c2638319
0c/transformed/jetified-kotli
n-stdlib-2.2.20.jar!/kotlin/U
nit.class
exception:         if 
(awaitSynthCompletion) synth 
= false
exception:                   
                ^
exception: c:\Users\Usuario\A
ppData\Local\Pub\Cache\hosted
\pub.dev\flutter_tts-4.2.5\an
droid\src\main\kotlin\com\eye
deadevelopment\fluttertts\Flu
tterTtsPlugin.kt:691:35: 
error: class 'kotlin.Unit' 
was compiled with an 
incompatible version of 
Kotlin. The actual metadata 
version is 2.2.0, but the 
compiler version 1.9.0 can 
read versions up to 2.0.0.
exception: the class is 
loaded from C:/Users/Usuario/
.gradle/caches/transforms-4/9
dfd7fc35cb992d583a986c2638319
0c/transformed/jetified-kotli
n-stdlib-2.2.20.jar!/kotlin/U
nit.class
exception:         if 
(awaitSpeakCompletion) 
speaking = false
exception:                   
                ^
exception: c:\Users\Usuario\A
ppData\Local\Pub\Cache\hosted
\pub.dev\flutter_tts-4.2.5\an
droid\src\main\kotlin\com\eye
deadevelopment\fluttertts\Flu
tterTtsPlugin.kt:700:13: 
error: class 'kotlin.Unit' 
was compiled with an 
incompatible version of 
Kotlin. The actual metadata 
version is 2.2.0, but the 
compiler version 1.9.0 can 
read versions up to 2.0.0.
exception: the class is 
loaded from C:/Users/Usuario/
.gradle/caches/transforms-4/9
dfd7fc35cb992d583a986c2638319
0c/transformed/jetified-kotli
n-stdlib-2.2.20.jar!/kotlin/U
nit.class
exception:             if 
(isError) {
exception:             ^
exception: c:\Users\Usuario\A
ppData\Local\Pub\Cache\hosted
\pub.dev\flutter_tts-4.2.5\an
droid\src\main\kotlin\com\eye
deadevelopment\fluttertts\Flu
tterTtsPlugin.kt:701:45: 
error: class 'kotlin.Unit' 
was compiled with an 
incompatible version of 
Kotlin. The actual metadata 
version is 2.2.0, but the 
compiler version 1.9.0 can 
read versions up to 2.0.0.
exception: the class is 
loaded from C:/Users/Usuario/
.gradle/caches/transforms-4/9
dfd7fc35cb992d583a986c2638319
0c/transformed/jetified-kotli
n-stdlib-2.2.20.jar!/kotlin/U
nit.class
exception:                 th
is.parcelFileDescriptor!!.clo
seWithError("Error 
synthesizing TTS to file")
exception:                   
                          ^
exception: c:\Users\Usuario\A
ppData\Local\Pub\Cache\hosted
\pub.dev\flutter_tts-4.2.5\an
droid\src\main\kotlin\com\eye
deadevelopment\fluttertts\Flu
tterTtsPlugin.kt:703:45: 
error: class 'kotlin.Unit' 
was compiled with an 
incompatible version of 
Kotlin. The actual metadata 
version is 2.2.0, but the 
compiler version 1.9.0 can 
read versions up to 2.0.0.
exception: the class is 
loaded from C:/Users/Usuario/
.gradle/caches/transforms-4/9
dfd7fc35cb992d583a986c2638319
0c/transformed/jetified-kotli
n-stdlib-2.2.20.jar!/kotlin/U
nit.class
exception:                 th
is.parcelFileDescriptor!!.clo
se()
exception:                   
                          ^
exception: c:\Users\Usuario\A
ppData\Local\Pub\Cache\hosted
\pub.dev\flutter_tts-4.2.5\an
droid\src\main\kotlin\com\eye
deadevelopment\fluttertts\Flu
tterTtsPlugin.kt:711:18: 
error: class 'kotlin.Unit' 
was compiled with an 
incompatible version of 
Kotlin. The actual metadata 
version is 2.2.0, but the 
compiler version 1.9.0 can 
read versions up to 2.0.0.
exception: the class is 
loaded from C:/Users/Usuario/
.gradle/caches/transforms-4/9
dfd7fc35cb992d583a986c2638319
0c/transformed/jetified-kotli
n-stdlib-2.2.20.jar!/kotlin/U
nit.class
exception:         
bundle!!.putString(
exception:                  ^
exception: c:\Users\Usuario\A
ppData\Local\Pub\Cache\hosted
\pub.dev\flutter_tts-4.2.5\an
droid\src\main\kotlin\com\eye
deadevelopment\fluttertts\Flu
tterTtsPlugin.kt:724:53: 
error: unresolved reference: 
apply
exception:                 
val contentValues = 
ContentValues().apply {
exception:                   
                             
     ^
exception: c:\Users\Usuario\A
ppData\Local\Pub\Cache\hosted
\pub.dev\flutter_tts-4.2.5\an
droid\src\main\kotlin\com\eye
deadevelopment\fluttertts\Flu
tterTtsPlugin.kt:725:21: 
error: unresolved reference: 
put
exception:                   
  put(MediaStore.MediaColumns
.DISPLAY_NAME, fileName)
exception:                   
  ^
exception: c:\Users\Usuario\A
ppData\Local\Pub\Cache\hosted
\pub.dev\flutter_tts-4.2.5\an
droid\src\main\kotlin\com\eye
deadevelopment\fluttertts\Flu
tterTtsPlugin.kt:726:21: 
error: unresolved reference: 
put
exception:                   
  put(MediaStore.MediaColumns
.MIME_TYPE, "audio/wav")
exception:                   
  ^
exception: c:\Users\Usuario\A
ppData\Local\Pub\Cache\hosted
\pub.dev\flutter_tts-4.2.5\an
droid\src\main\kotlin\com\eye
deadevelopment\fluttertts\Flu
tterTtsPlugin.kt:727:21: 
error: unresolved reference: 
put
exception:                   
  put(MediaStore.MediaColumns
.RELATIVE_PATH, 
Environment.DIRECTORY_MUSIC)
exception:                   
  ^
exception: c:\Users\Usuario\A
ppData\Local\Pub\Cache\hosted
\pub.dev\flutter_tts-4.2.5\an
droid\src\main\kotlin\com\eye
deadevelopment\fluttertts\Flu
tterTtsPlugin.kt:730:22: 
error: class 'kotlin.Unit' 
was compiled with an 
incompatible version of 
Kotlin. The actual metadata 
version is 2.2.0, but the 
compiler version 1.9.0 can 
read versions up to 2.0.0.
exception: the class is 
loaded from C:/Users/Usuario/
.gradle/caches/transforms-4/9
dfd7fc35cb992d583a986c2638319
0c/transformed/jetified-kotli
n-stdlib-2.2.20.jar!/kotlin/U
nit.class
exception:                 
this.parcelFileDescriptor = r
esolver?.openFileDescriptor(u
ri!!, "rw")
exception:                   
   ^
exception: c:\Users\Usuario\A
ppData\Local\Pub\Cache\hosted
\pub.dev\flutter_tts-4.2.5\an
droid\src\main\kotlin\com\eye
deadevelopment\fluttertts\Flu
tterTtsPlugin.kt:742:9: 
error: class 'kotlin.Unit' 
was compiled with an 
incompatible version of 
Kotlin. The actual metadata 
version is 2.2.0, but the 
compiler version 1.9.0 can 
read versions up to 2.0.0.
exception: the class is 
loaded from C:/Users/Usuario/
.gradle/caches/transforms-4/9
dfd7fc35cb992d583a986c2638319
0c/transformed/jetified-kotli
n-stdlib-2.2.20.jar!/kotlin/U
nit.class
exception:         if 
(result == 
TextToSpeech.SUCCESS) {
exception:         ^
exception: c:\Users\Usuario\A
ppData\Local\Pub\Cache\hosted
\pub.dev\flutter_tts-4.2.5\an
droid\src\main\kotlin\com\eye
deadevelopment\fluttertts\Flu
tterTtsPlugin.kt:743:17: 
error: class 'kotlin.Unit' 
was compiled with an 
incompatible version of 
Kotlin. The actual metadata 
version is 2.2.0, but the 
compiler version 1.9.0 can 
read versions up to 2.0.0.
exception: the class is 
loaded from C:/Users/Usuario/
.gradle/caches/transforms-4/9
dfd7fc35cb992d583a986c2638319
0c/transformed/jetified-kotli
n-stdlib-2.2.20.jar!/kotlin/U
nit.class
exception:             
Log.d(tag, "Successfully 
created file : $fullPath")
exception:                 ^
exception: c:\Users\Usuario\A
ppData\Local\Pub\Cache\hosted
\pub.dev\flutter_tts-4.2.5\an
droid\src\main\kotlin\com\eye
deadevelopment\fluttertts\Flu
tterTtsPlugin.kt:745:17: 
error: class 'kotlin.Unit' 
was compiled with an 
incompatible version of 
Kotlin. The actual metadata 
version is 2.2.0, but the 
compiler version 1.9.0 can 
read versions up to 2.0.0.
exception: the class is 
loaded from C:/Users/Usuario/
.gradle/caches/transforms-4/9
dfd7fc35cb992d583a986c2638319
0c/transformed/jetified-kotli
n-stdlib-2.2.20.jar!/kotlin/U
nit.class
exception:             
Log.d(tag, "Failed creating 
file : $fullPath")
exception:                 ^
exception: c:\Users\Usuario\A
ppData\Local\Pub\Cache\hosted
\pub.dev\flutter_tts-4.2.5\an
droid\src\main\kotlin\com\eye
deadevelopment\fluttertts\Flu
tterTtsPlugin.kt:751:56: 
error: class 'kotlin.Unit' 
was compiled with an 
incompatible version of 
Kotlin. The actual metadata 
version is 2.2.0, but the 
compiler version 1.9.0 can 
read versions up to 2.0.0.
exception: the class is 
loaded from C:/Users/Usuario/
.gradle/caches/transforms-4/9
dfd7fc35cb992d583a986c2638319
0c/transformed/jetified-kotli
n-stdlib-2.2.20.jar!/kotlin/U
nit.class
exception:             if 
(methodChannel != null) 
methodChannel!!.invokeMethod(
exception:                   
                             
        ^
exception: c:\Users\Usuario\A
ppData\Local\Pub\Cache\hosted
\pub.dev\flutter_tts-4.2.5\an
droid\src\main\kotlin\com\eye
deadevelopment\fluttertts\Flu
tterTtsPlugin.kt:763:40: 
error: unresolved reference: 
javaClass
exception:         val 
fields: Array<Field> = 
tts.javaClass.declaredFields
exception:                   
                     ^
exception: c:\Users\Usuario\A
ppData\Local\Pub\Cache\hosted
\pub.dev\flutter_tts-4.2.5\an
droid\src\main\kotlin\com\eye
deadevelopment\fluttertts\Flu
tterTtsPlugin.kt:764:26: 
error: unresolved reference: 
indices
exception:         for (j in 
fields.indices) {
exception:                   
       ^
exception: c:\Users\Usuario\A
ppData\Local\Pub\Cache\hosted
\pub.dev\flutter_tts-4.2.5\an
droid\src\main\kotlin\com\eye
deadevelopment\fluttertts\Flu
tterTtsPlugin.kt:765:23: 
error: class 'kotlin.Unit' 
was compiled with an 
incompatible version of 
Kotlin. The actual metadata 
version is 2.2.0, but the 
compiler version 1.9.0 can 
read versions up to 2.0.0.
exception: the class is 
loaded from C:/Users/Usuario/
.gradle/caches/transforms-4/9
dfd7fc35cb992d583a986c2638319
0c/transformed/jetified-kotli
n-stdlib-2.2.20.jar!/kotlin/U
nit.class
exception:             
fields[j].isAccessible = true
exception:                   
    ^
exception: c:\Users\Usuario\A
ppData\Local\Pub\Cache\hosted
\pub.dev\flutter_tts-4.2.5\an
droid\src\main\kotlin\com\eye
deadevelopment\fluttertts\Flu
tterTtsPlugin.kt:767:17: 
error: class 'kotlin.Unit' 
was compiled with an 
incompatible version of 
Kotlin. The actual metadata 
version is 2.2.0, but the 
compiler version 1.9.0 can 
read versions up to 2.0.0.
exception: the class is 
loaded from C:/Users/Usuario/
.gradle/caches/transforms-4/9
dfd7fc35cb992d583a986c2638319
0c/transformed/jetified-kotli
n-stdlib-2.2.20.jar!/kotlin/U
nit.class
exception:                 
try {
exception:                 ^
exception: c:\Users\Usuario\A
ppData\Local\Pub\Cache\hosted
\pub.dev\flutter_tts-4.2.5\an
droid\src\main\kotlin\com\eye
deadevelopment\fluttertts\Flu
tterTtsPlugin.kt:770:29: 
error: class 'kotlin.Unit' 
was compiled with an 
incompatible version of 
Kotlin. The actual metadata 
version is 2.2.0, but the 
compiler version 1.9.0 can 
read versions up to 2.0.0.
exception: the class is 
loaded from C:/Users/Usuario/
.gradle/caches/transforms-4/9
dfd7fc35cb992d583a986c2638319
0c/transformed/jetified-kotli
n-stdlib-2.2.20.jar!/kotlin/U
nit.class
exception:                   
      Log.e(tag, "*******TTS 
-> mServiceConnection == 
null*******")
exception:                   
          ^
exception: c:\Users\Usuario\A
ppData\Local\Pub\Cache\hosted
\pub.dev\flutter_tts-4.2.5\an
droid\src\main\kotlin\com\eye
deadevelopment\fluttertts\Flu
tterTtsPlugin.kt:773:23: 
error: class 'kotlin.Unit' 
was compiled with an 
incompatible version of 
Kotlin. The actual metadata 
version is 2.2.0, but the 
compiler version 1.9.0 can 
read versions up to 2.0.0.
exception: the class is 
loaded from C:/Users/Usuario/
.gradle/caches/transforms-4/9
dfd7fc35cb992d583a986c2638319
0c/transformed/jetified-kotli
n-stdlib-2.2.20.jar!/kotlin/U
nit.class
exception:                   
  e.printStackTrace()
exception:                   
    ^
exception: c:\Users\Usuario\A
ppData\Local\Pub\Cache\hosted
\pub.dev\flutter_tts-4.2.5\an
droid\src\main\kotlin\com\eye
deadevelopment\fluttertts\Flu
tterTtsPlugin.kt:775:23: 
error: class 'kotlin.Unit' 
was compiled with an 
incompatible version of 
Kotlin. The actual metadata 
version is 2.2.0, but the 
compiler version 1.9.0 can 
read versions up to 2.0.0.
exception: the class is 
loaded from C:/Users/Usuario/
.gradle/caches/transforms-4/9
dfd7fc35cb992d583a986c2638319
0c/transformed/jetified-kotli
n-stdlib-2.2.20.jar!/kotlin/U
nit.class
exception:                   
  e.printStackTrace()
exception:                   
    ^
exception: c:\Users\Usuario\A
ppData\Local\Pub\Cache\hosted
\pub.dev\flutter_tts-4.2.5\an
droid\src\main\kotlin\com\eye
deadevelopment\fluttertts\Flu
tterTtsPlugin.kt:777:23: 
error: class 'kotlin.Unit' 
was compiled with an 
incompatible version of 
Kotlin. The actual metadata 
version is 2.2.0, but the 
compiler version 1.9.0 can 
read versions up to 2.0.0.
exception: the class is 
loaded from C:/Users/Usuario/
.gradle/caches/transforms-4/9
dfd7fc35cb992d583a986c2638319
0c/transformed/jetified-kotli
n-stdlib-2.2.20.jar!/kotlin/U
nit.class
exception:                   
  e.printStackTrace()
exception:                   
    ^
exception: c:\Users\Usuario\A
ppData\Local\Pub\Cache\hosted
\pub.dev\flutter_tts-4.2.5\an
droid\src\main\kotlin\com\eye
deadevelopment\fluttertts\Flu
tterTtsPlugin.kt:796:9: 
error: class 'kotlin.Unit' 
was compiled with an 
incompatible version of 
Kotlin. The actual metadata 
version is 2.2.0, but the 
compiler version 1.9.0 can 
read versions up to 2.0.0.
exception: the class is 
loaded from C:/Users/Usuario/
.gradle/caches/transforms-4/9
dfd7fc35cb992d583a986c2638319
0c/transformed/jetified-kotli
n-stdlib-2.2.20.jar!/kotlin/U
nit.class
exception:         
audioManager = context?.getSy
stemService(Context.AUDIO_SER
VICE) as AudioManager
exception:         ^
exception: c:\Users\Usuario\A
ppData\Local\Pub\Cache\hosted
\pub.dev\flutter_tts-4.2.5\an
droid\src\main\kotlin\com\eye
deadevelopment\fluttertts\Flu
tterTtsPlugin.kt:799:13: 
error: class 'kotlin.Unit' 
was compiled with an 
incompatible version of 
Kotlin. The actual metadata 
version is 2.2.0, but the 
compiler version 1.9.0 can 
read versions up to 2.0.0.
exception: the class is 
loaded from C:/Users/Usuario/
.gradle/caches/transforms-4/9
dfd7fc35cb992d583a986c2638319
0c/transformed/jetified-kotli
n-stdlib-2.2.20.jar!/kotlin/U
nit.class
exception:             
audioFocusRequest = AudioFocu
sRequest.Builder(AudioManager
.AUDIOFOCUS_GAIN_TRANSIENT_MA
Y_DUCK)
exception:             ^
exception: c:\Users\Usuario\A
ppData\Local\Pub\Cache\hosted
\pub.dev\flutter_tts-4.2.5\an
droid\src\main\kotlin\com\eye
deadevelopment\fluttertts\Flu
tterTtsPlugin.kt:810:32: 
error: unresolved reference: 
let
exception:             
audioFocusRequest?.let { audi
oManager?.abandonAudioFocusRe
quest(it) }
exception:                   
             ^
exception: c:\Users\Usuario\A
ppData\Local\Pub\Cache\hosted
\pub.dev\flutter_tts-4.2.5\an
droid\src\main\kotlin\com\eye
deadevelopment\fluttertts\Flu
tterTtsPlugin.kt:810:77: 
error: unresolved reference: 
it
exception:             
audioFocusRequest?.let { audi
oManager?.abandonAudioFocusRe
quest(it) }
exception:                   
                             
                             
^

FAILURE: Build completed 
with 2 failures.

1: Task failed with an 
exception.
-----------
* What went wrong:
Execution failed for task 
':app:processDebugResources'.
> A failure occurred while 
executing com.android.build.g
radle.internal.res.LinkApplic
ationAndroidResourcesTask$Tas
kAction
   > Android resource 
linking failed
     ERROR: D:\Lucila\Documen
tos\GitHub\PulseCoach\build\a
pp\intermediates\packaged_man
ifests\debug\processDebugMani
festForPackage\AndroidManifes
t.xml:26: AAPT: error: 
resource mipmap/ic_launcher 
(aka com.pulsecoach.pulsecoac
h:mipmap/ic_launcher) not 
found.

     ERROR: D:\Lucila\Documen
tos\GitHub\PulseCoach\android
\app\src\main\AndroidManifest
.xml:15:9-31:20: AAPT: 
error: resource 
style/LaunchTheme (aka com.pu
lsecoach.pulsecoach:style/Lau
nchTheme) not found.

     ERROR: D:\Lucila\Documen
tos\GitHub\PulseCoach\android
\app\src\main\AndroidManifest
.xml:23:13-26:17: AAPT: 
error: resource 
style/NormalTheme (aka com.pu
lsecoach.pulsecoach:style/Nor
malTheme) not found.


* Try:
> Run with --stacktrace 
option to get the stack 
trace.
> Run with --info or --debug 
option to get more log 
output.
> Run with --scan to get 
full insights.
> Get more help at 
https://help.gradle.org.
=============================
=============================
====================

2: Task failed with an 
exception.
-----------
* What went wrong:
Execution failed for task ':f
lutter_tts:compileDebugKotlin
'.
> A failure occurred while 
executing org.jetbrains.kotli
n.compilerRunner.GradleCompil
erRunnerWithWorkers$GradleKot
linCompilerWorkAction
   > Compilation error. See 
log for more details

* Try:
> Run with --stacktrace 
option to get the stack 
trace.
> Run with --info or --debug 
option to get more log 
output.
> Run with --scan to get 
full insights.
> Get more help at 
https://help.gradle.org.
=============================
=============================
====================

BUILD FAILED in 7s
Running Gradle task 'assembleDebug'...                              7,8s

ÔöîÔöÇ Flutter Fix ÔöÇÔöÇÔöÇÔöÇÔöÇÔöÇÔöÇÔöÇÔöÇÔöÇÔöÇÔöÇÔöÇÔöÇÔöÇÔöÇÔöÇÔöÇÔöÇÔöÇÔöÇÔöÇÔöÇÔöÇÔöÇÔöÇÔöÇÔöÇÔöÇÔöÇÔöÇÔöÇÔöÇÔöÇÔöÇÔöÇÔöÇÔöÇÔöÇÔöÇÔöÇÔöÇÔöÇÔöÇÔöÇÔöÇÔöÇÔöÇÔöÇÔöÇÔöÇÔöÇÔöÇÔöÇÔöÇÔöÇÔöÇÔöÇÔöÇÔöÇÔöÇÔöÇÔöÇÔöÇÔöÇÔöÇÔöÇÔöÇÔöÇÔöÇÔöÇÔöÇÔöÇÔöÇÔöÇÔöÇÔöÇÔöÇÔöÇÔöÇÔöÉ
Ôöé [!] Your project requires a newer version of the Kotlin Gradle plugin.                       Ôöé
Ôöé Find the latest version on https://kotlinlang.org/docs/releases.html#release-details, then   Ôöé
Ôöé update the                                                                                   Ôöé
Ôöé version number of the plugin with id "org.jetbrains.kotlin.android" in the plugins block of  Ôöé
Ôöé D:\Lucila\Documentos\GitHub\PulseCoach\android\settings.gradle.                              Ôöé
Ôöé                                                                                              Ôöé
Ôöé Alternatively (if your project was created before Flutter 3.19), update                      Ôöé
Ôöé D:\Lucila\Documentos\GitHub\PulseCoach\android\build.gradle                                  Ôöé
Ôöé ext.kotlin_version = '<latest-version>'                                                      Ôöé
ÔööÔöÇÔöÇÔöÇÔöÇÔöÇÔöÇÔöÇÔöÇÔöÇÔöÇÔöÇÔöÇÔöÇÔöÇÔöÇÔöÇÔöÇÔöÇÔöÇÔöÇÔöÇÔöÇÔöÇÔöÇÔöÇÔöÇÔöÇÔöÇÔöÇÔöÇÔöÇÔöÇÔöÇÔöÇÔöÇÔöÇÔöÇÔöÇÔöÇÔöÇÔöÇÔöÇÔöÇÔöÇÔöÇÔöÇÔöÇÔöÇÔöÇÔöÇÔöÇÔöÇÔöÇÔöÇÔöÇÔöÇÔöÇÔöÇÔöÇÔöÇÔöÇÔöÇÔöÇÔöÇÔöÇÔöÇÔöÇÔöÇÔöÇÔöÇÔöÇÔöÇÔöÇÔöÇÔöÇÔöÇÔöÇÔöÇÔöÇÔöÇÔöÇÔöÇÔöÇÔöÇÔöÇÔöÇÔöÇÔöÇÔöÇÔöÇÔöÇÔöÇÔöÇÔöÇÔöÿ
Gradle task assembleDebug 
failed with exit code 1
